../Drivers/adxl372/adxl372.c:47:5:adxl_read_reg_multiple	16	static
../Drivers/adxl372/adxl372.c:54:5:adxl_read_reg	16	static
../Drivers/adxl372/adxl372.c:60:5:adxl_write_reg	24	static
../Drivers/adxl372/adxl372.c:80:12:adxl_update_reg	32	static
../Drivers/adxl372/adxl372.c:95:5:adxl372_Set_Op_mode	16	static
../Drivers/adxl372/adxl372.c:101:5:adxl372_Set_ODR	16	static
../Drivers/adxl372/adxl372.c:107:5:adxl372_Set_WakeUp_Rate	16	static
../Drivers/adxl372/adxl372.c:113:5:adxl372_Set_BandWidth	16	static
../Drivers/adxl372/adxl372.c:119:5:adxl372_Set_Autosleep	16	static
../Drivers/adxl372/adxl372.c:125:5:adxl372_Set_Act_Proc_Mode	16	static
../Drivers/adxl372/adxl372.c:131:5:adxl372_Set_InstaOn_Thresh	16	static
../Drivers/adxl372/adxl372.c:137:5:adxl372_Set_Activity_Threshold	24	static
../Drivers/adxl372/adxl372.c:153:5:adxl372_Set_Activity2_Threshold	24	static
../Drivers/adxl372/adxl372.c:170:5:adxl372_Set_Inactivity_Threshold	24	static
../Drivers/adxl372/adxl372.c:187:5:adxl372_Set_Activity_Time	16	static
../Drivers/adxl372/adxl372.c:192:5:adxl372_Set_Inactivity_Time	16	static
../Drivers/adxl372/adxl372.c:199:5:adxl372_Set_Filter_Settle	16	static
../Drivers/adxl372/adxl372.c:205:5:adxl372_Get_DevID	16	static
../Drivers/adxl372/adxl372.c:211:5:adxl372_Get_Status_Register	16	static
../Drivers/adxl372/adxl372.c:216:5:adxl372_Get_ActivityStatus_Register	16	static
../Drivers/adxl372/adxl372.c:224:5:adxl372_Get_Highest_Peak_Accel_data	32	static
../Drivers/adxl372/adxl372.c:250:5:adxl372_Get_Accel_data	32	static
../Drivers/adxl372/adxl372.c:285:5:adxl372_Reset	16	static
../Drivers/adxl372/adxl372.c:291:5:adxl372_Configure_FIFO	24	static
../Drivers/adxl372/adxl372.c:324:5:adxl372_Get_FIFO_data	24	static
../Drivers/adxl372/adxl372.c:341:5:adxl372_Set_Interrupts	16	static
../Drivers/adxl372/adxl372.c:353:6:adxl372_Set_Filters	24	static
../Drivers/adxl372/adxl372.c:361:6:adxl372_Set_Noise_Mode	16	static
../Drivers/adxl372/adxl372.c:368:10:adxl372_Get_Fifo_Samples	16	static
../Drivers/adxl372/adxl372.c:376:9:adxl372_Init	8	static
../Drivers/adxl372/adxl372.c:404:9:adxl372_Is_Ready	16	static
../Drivers/adxl372/adxl372.c:418:6:adxl372_Get_Shock	16	static
../Drivers/adxl372/adxl372.c:441:6:adxl372_Triplet_Abs	16	static
../Drivers/adxl372/adxl372.c:448:9:adxl372_Get_MaxG	16	static
../Drivers/adxl372/adxl372.c:456:10:max3	24	static
../Drivers/adxl372/adxl372.c:466:5:spi_write_then_read	40	static
