Archive member included to satisfy reference by file (symbol)

D:/Cube/CubeIDE/STM32CubeIDE_1.16.0/STM32CubeIDE/plugins/com.st.stm32cube.ide.mcu.externaltools.gnu-tools-for-stm32.12.3.rel1.win32_1.1.0.202410251130/tools/bin/../lib/gcc/arm-none-eabi/12.3.1/../../../../arm-none-eabi/lib/thumb/v7e-m+fp/hard\libc_nano.a(libc_a-exit.o)
                              D:/Cube/CubeIDE/STM32CubeIDE_1.16.0/STM32CubeIDE/plugins/com.st.stm32cube.ide.mcu.externaltools.gnu-tools-for-stm32.12.3.rel1.win32_1.1.0.202410251130/tools/bin/../lib/gcc/arm-none-eabi/12.3.1/../../../../arm-none-eabi/lib/thumb/v7e-m+fp/hard/crt0.o (exit)
D:/Cube/CubeIDE/STM32CubeIDE_1.16.0/STM32CubeIDE/plugins/com.st.stm32cube.ide.mcu.externaltools.gnu-tools-for-stm32.12.3.rel1.win32_1.1.0.202410251130/tools/bin/../lib/gcc/arm-none-eabi/12.3.1/../../../../arm-none-eabi/lib/thumb/v7e-m+fp/hard\libc_nano.a(libc_a-findfp.o)
                              D:/Cube/CubeIDE/STM32CubeIDE_1.16.0/STM32CubeIDE/plugins/com.st.stm32cube.ide.mcu.externaltools.gnu-tools-for-stm32.12.3.rel1.win32_1.1.0.202410251130/tools/bin/../lib/gcc/arm-none-eabi/12.3.1/../../../../arm-none-eabi/lib/thumb/v7e-m+fp/hard\libc_nano.a(libc_a-exit.o) (__stdio_exit_handler)
D:/Cube/CubeIDE/STM32CubeIDE_1.16.0/STM32CubeIDE/plugins/com.st.stm32cube.ide.mcu.externaltools.gnu-tools-for-stm32.12.3.rel1.win32_1.1.0.202410251130/tools/bin/../lib/gcc/arm-none-eabi/12.3.1/../../../../arm-none-eabi/lib/thumb/v7e-m+fp/hard\libc_nano.a(libc_a-fwalk.o)
                              D:/Cube/CubeIDE/STM32CubeIDE_1.16.0/STM32CubeIDE/plugins/com.st.stm32cube.ide.mcu.externaltools.gnu-tools-for-stm32.12.3.rel1.win32_1.1.0.202410251130/tools/bin/../lib/gcc/arm-none-eabi/12.3.1/../../../../arm-none-eabi/lib/thumb/v7e-m+fp/hard\libc_nano.a(libc_a-findfp.o) (_fwalk_sglue)
D:/Cube/CubeIDE/STM32CubeIDE_1.16.0/STM32CubeIDE/plugins/com.st.stm32cube.ide.mcu.externaltools.gnu-tools-for-stm32.12.3.rel1.win32_1.1.0.202410251130/tools/bin/../lib/gcc/arm-none-eabi/12.3.1/../../../../arm-none-eabi/lib/thumb/v7e-m+fp/hard\libc_nano.a(libc_a-sprintf.o)
                              ./Core/Src/main.o (sprintf)
D:/Cube/CubeIDE/STM32CubeIDE_1.16.0/STM32CubeIDE/plugins/com.st.stm32cube.ide.mcu.externaltools.gnu-tools-for-stm32.12.3.rel1.win32_1.1.0.202410251130/tools/bin/../lib/gcc/arm-none-eabi/12.3.1/../../../../arm-none-eabi/lib/thumb/v7e-m+fp/hard\libc_nano.a(libc_a-stdio.o)
                              D:/Cube/CubeIDE/STM32CubeIDE_1.16.0/STM32CubeIDE/plugins/com.st.stm32cube.ide.mcu.externaltools.gnu-tools-for-stm32.12.3.rel1.win32_1.1.0.202410251130/tools/bin/../lib/gcc/arm-none-eabi/12.3.1/../../../../arm-none-eabi/lib/thumb/v7e-m+fp/hard\libc_nano.a(libc_a-findfp.o) (__sread)
D:/Cube/CubeIDE/STM32CubeIDE_1.16.0/STM32CubeIDE/plugins/com.st.stm32cube.ide.mcu.externaltools.gnu-tools-for-stm32.12.3.rel1.win32_1.1.0.202410251130/tools/bin/../lib/gcc/arm-none-eabi/12.3.1/../../../../arm-none-eabi/lib/thumb/v7e-m+fp/hard\libc_nano.a(libc_a-memset.o)
                              D:/Cube/CubeIDE/STM32CubeIDE_1.16.0/STM32CubeIDE/plugins/com.st.stm32cube.ide.mcu.externaltools.gnu-tools-for-stm32.12.3.rel1.win32_1.1.0.202410251130/tools/bin/../lib/gcc/arm-none-eabi/12.3.1/../../../../arm-none-eabi/lib/thumb/v7e-m+fp/hard/crt0.o (memset)
D:/Cube/CubeIDE/STM32CubeIDE_1.16.0/STM32CubeIDE/plugins/com.st.stm32cube.ide.mcu.externaltools.gnu-tools-for-stm32.12.3.rel1.win32_1.1.0.202410251130/tools/bin/../lib/gcc/arm-none-eabi/12.3.1/../../../../arm-none-eabi/lib/thumb/v7e-m+fp/hard\libc_nano.a(libc_a-closer.o)
                              D:/Cube/CubeIDE/STM32CubeIDE_1.16.0/STM32CubeIDE/plugins/com.st.stm32cube.ide.mcu.externaltools.gnu-tools-for-stm32.12.3.rel1.win32_1.1.0.202410251130/tools/bin/../lib/gcc/arm-none-eabi/12.3.1/../../../../arm-none-eabi/lib/thumb/v7e-m+fp/hard\libc_nano.a(libc_a-stdio.o) (_close_r)
D:/Cube/CubeIDE/STM32CubeIDE_1.16.0/STM32CubeIDE/plugins/com.st.stm32cube.ide.mcu.externaltools.gnu-tools-for-stm32.12.3.rel1.win32_1.1.0.202410251130/tools/bin/../lib/gcc/arm-none-eabi/12.3.1/../../../../arm-none-eabi/lib/thumb/v7e-m+fp/hard\libc_nano.a(libc_a-reent.o)
                              D:/Cube/CubeIDE/STM32CubeIDE_1.16.0/STM32CubeIDE/plugins/com.st.stm32cube.ide.mcu.externaltools.gnu-tools-for-stm32.12.3.rel1.win32_1.1.0.202410251130/tools/bin/../lib/gcc/arm-none-eabi/12.3.1/../../../../arm-none-eabi/lib/thumb/v7e-m+fp/hard\libc_nano.a(libc_a-closer.o) (errno)
D:/Cube/CubeIDE/STM32CubeIDE_1.16.0/STM32CubeIDE/plugins/com.st.stm32cube.ide.mcu.externaltools.gnu-tools-for-stm32.12.3.rel1.win32_1.1.0.202410251130/tools/bin/../lib/gcc/arm-none-eabi/12.3.1/../../../../arm-none-eabi/lib/thumb/v7e-m+fp/hard\libc_nano.a(libc_a-impure.o)
[...]
Memory Configuration

Name             Origin             Length             Attributes
RAM              0x20000000         0x00040000         xrw
RAM2             0x10000000         0x00010000         xrw
FLASH            0x08000000         0x00100000         xr
*default*        0x00000000         0xffffffff

Linker script and memory map

LOAD D:/Cube/CubeIDE/STM32CubeIDE_1.16.0/STM32CubeIDE/plugins/com.st.stm32cube.ide.mcu.externaltools.gnu-tools-for-stm32.12.3.rel1.win32_1.1.0.202410251130/tools/bin/../lib/gcc/arm-none-eabi/12.3.1/thumb/v7e-m+fp/hard/crti.o
LOAD D:/Cube/CubeIDE/STM32CubeIDE_1.16.0/STM32CubeIDE/plugins/com.st.stm32cube.ide.mcu.externaltools.gnu-tools-for-stm32.12.3.rel1.win32_1.1.0.202410251130/tools/bin/../lib/gcc/arm-none-eabi/12.3.1/thumb/v7e-m+fp/hard/crtbegin.o
LOAD D:/Cube/CubeIDE/STM32CubeIDE_1.16.0/STM32CubeIDE/plugins/com.st.stm32cube.ide.mcu.externaltools.gnu-tools-for-stm32.12.3.rel1.win32_1.1.0.202410251130/tools/bin/../lib/gcc/arm-none-eabi/12.3.1/../../../../arm-none-eabi/lib/thumb/v7e-m+fp/hard/crt0.o
LOAD ./Core/Src/main.o
LOAD ./Core/Src/stm32l4xx_hal_msp.o
LOAD ./Core/Src/stm32l4xx_it.o
LOAD ./Core/Src/syscalls.o
LOAD ./Core/Src/sysmem.o
LOAD ./Core/Src/system_stm32l4xx.o
LOAD ./Core/Startup/startup_stm32l496rgtx.o
LOAD ./Drivers/STM32L4xx_HAL_Driver/Src/stm32l4xx_hal.o
LOAD ./Drivers/STM32L4xx_HAL_Driver/Src/stm32l4xx_hal_cortex.o
LOAD ./Drivers/STM32L4xx_HAL_Driver/Src/stm32l4xx_hal_dma.o
LOAD ./Drivers/STM32L4xx_HAL_Driver/Src/stm32l4xx_hal_dma_ex.o
LOAD ./Drivers/STM32L4xx_HAL_Driver/Src/stm32l4xx_hal_exti.o
LOAD ./Drivers/STM32L4xx_HAL_Driver/Src/stm32l4xx_hal_flash.o
LOAD ./Drivers/STM32L4xx_HAL_Driver/Src/stm32l4xx_hal_flash_ex.o
LOAD ./Drivers/STM32L4xx_HAL_Driver/Src/stm32l4xx_hal_flash_ramfunc.o
LOAD ./Drivers/STM32L4xx_HAL_Driver/Src/stm32l4xx_hal_gpio.o
LOAD ./Drivers/STM32L4xx_HAL_Driver/Src/stm32l4xx_hal_i2c.o
LOAD ./Drivers/STM32L4xx_HAL_Driver/Src/stm32l4xx_hal_i2c_ex.o
LOAD ./Drivers/STM32L4xx_HAL_Driver/Src/stm32l4xx_hal_pwr.o
LOAD ./Drivers/STM32L4xx_HAL_Driver/Src/stm32l4xx_hal_pwr_ex.o
LOAD ./Drivers/STM32L4xx_HAL_Driver/Src/stm32l4xx_hal_rcc.o
LOAD ./Drivers/STM32L4xx_HAL_Driver/Src/stm32l4xx_hal_rcc_ex.o
LOAD ./Drivers/STM32L4xx_HAL_Driver/Src/stm32l4xx_hal_spi.o
LOAD ./Drivers/STM32L4xx_HAL_Driver/Src/stm32l4xx_hal_spi_ex.o
LOAD ./Drivers/STM32L4xx_HAL_Driver/Src/stm32l4xx_hal_uart.o
LOAD ./Drivers/STM32L4xx_HAL_Driver/Src/stm32l4xx_hal_uart_ex.o
LOAD ./Drivers/adxl372/adxl372.o
START GROUP
LOAD D:/Cube/CubeIDE/STM32CubeIDE_1.16.0/STM32CubeIDE/plugins/com.st.stm32cube.ide.mcu.externaltools.gnu-tools-for-stm32.12.3.rel1.win32_1.1.0.202410251130/tools/bin/../lib/gcc/arm-none-eabi/12.3.1/../../../../arm-none-eabi/lib/thumb/v7e-m+fp/hard\libc_nano.a
LOAD D:/Cube/CubeIDE/STM32CubeIDE_1.16.0/STM32CubeIDE/plugins/com.st.stm32cube.ide.mcu.externaltools.gnu-tools-for-stm32.12.3.rel1.win32_1.1.0.202410251130/tools/bin/../lib/gcc/arm-none-eabi/12.3.1/../../../../arm-none-eabi/lib/thumb/v7e-m+fp/hard\libm.a
END GROUP
START GROUP
LOAD D:/Cube/CubeIDE/STM32CubeIDE_1.16.0/STM32CubeIDE/plugins/com.st.stm32cube.ide.mcu.externaltools.gnu-tools-for-stm32.12.3.rel1.win32_1.1.0.202410251130/tools/bin/../lib/gcc/arm-none-eabi/12.3.1/thumb/v7e-m+fp/hard\libgcc.a
LOAD D:/Cube/CubeIDE/STM32CubeIDE_1.16.0/STM32CubeIDE/plugins/com.st.stm32cube.ide.mcu.externaltools.gnu-tools-for-stm32.12.3.rel1.win32_1.1.0.202410251130/tools/bin/../lib/gcc/arm-none-eabi/12.3.1/../../../../arm-none-eabi/lib/thumb/v7e-m+fp/hard\libc_nano.a
END GROUP
START GROUP
LOAD D:/Cube/CubeIDE/STM32CubeIDE_1.16.0/STM32CubeIDE/plugins/com.st.stm32cube.ide.mcu.externaltools.gnu-tools-for-stm32.12.3.rel1.win32_1.1.0.202410251130/tools/bin/../lib/gcc/arm-none-eabi/12.3.1/thumb/v7e-m+fp/hard\libgcc.a
LOAD D:/Cube/CubeIDE/STM32CubeIDE_1.16.0/STM32CubeIDE/plugins/com.st.stm32cube.ide.mcu.externaltools.gnu-tools-for-stm32.12.3.rel1.win32_1.1.0.202410251130/tools/bin/../lib/gcc/arm-none-eabi/12.3.1/../../../../arm-none-eabi/lib/thumb/v7e-m+fp/hard\libc_nano.a
LOAD D:/Cube/CubeIDE/STM32CubeIDE_1.16.0/STM32CubeIDE/plugins/com.st.stm32cube.ide.mcu.externaltools.gnu-tools-for-stm32.12.3.rel1.win32_1.1.0.202410251130/tools/bin/../lib/gcc/arm-none-eabi/12.3.1/../../../../arm-none-eabi/lib/thumb/v7e-m+fp/hard\libnosys.a
END GROUP
START GROUP
LOAD D:/Cube/CubeIDE/STM32CubeIDE_1.16.0/STM32CubeIDE/plugins/com.st.stm32cube.ide.mcu.externaltools.gnu-tools-for-stm32.12.3.rel1.win32_1.1.0.202410251130/tools/bin/../lib/gcc/arm-none-eabi/12.3.1/thumb/v7e-m+fp/hard\libgcc.a
LOAD D:/Cube/CubeIDE/STM32CubeIDE_1.16.0/STM32CubeIDE/plugins/com.st.stm32cube.ide.mcu.externaltools.gnu-tools-for-stm32.12.3.rel1.win32_1.1.0.202410251130/tools/bin/../lib/gcc/arm-none-eabi/12.3.1/../../../../arm-none-eabi/lib/thumb/v7e-m+fp/hard\libc_nano.a
LOAD D:/Cube/CubeIDE/STM32CubeIDE_1.16.0/STM32CubeIDE/plugins/com.st.stm32cube.ide.mcu.externaltools.gnu-tools-for-stm32.12.3.rel1.win32_1.1.0.202410251130/tools/bin/../lib/gcc/arm-none-eabi/12.3.1/../../../../arm-none-eabi/lib/thumb/v7e-m+fp/hard\libnosys.a
END GROUP
LOAD D:/Cube/CubeIDE/STM32CubeIDE_1.16.0/STM32CubeIDE/plugins/com.st.stm32cube.ide.mcu.externaltools.gnu-tools-for-stm32.12.3.rel1.win32_1.1.0.202410251130/tools/bin/../lib/gcc/arm-none-eabi/12.3.1/thumb/v7e-m+fp/hard/crtend.o
LOAD D:/Cube/CubeIDE/STM32CubeIDE_1.16.0/STM32CubeIDE/plugins/com.st.stm32cube.ide.mcu.externaltools.gnu-tools-for-stm32.12.3.rel1.win32_1.1.0.202410251130/tools/bin/../lib/gcc/arm-none-eabi/12.3.1/thumb/v7e-m+fp/hard/crtn.o
                0x20040000                        _estack = (ORIGIN (RAM) + LENGTH (RAM))
                0x00000200                        _Min_Heap_Size = 0x200
                0x00000400                        _Min_Stack_Size = 0x400

.isr_vector     0x08000000      0x1ac
                0x08000000                        . = ALIGN (0x4)
 *(.isr_vector)
 .isr_vector    0x08000000      0x1ac ./Core/Startup/startup_stm32l496rgtx.o
                0x08000000                g_pfnVectors
                0x080001ac                        . = ALIGN (0x4)

.text           0x080001b0     0x604c
                0x080001b0                        . = ALIGN (0x4)
 *(.text)
 .text          0x080001b0       0x40 D:/Cube/CubeIDE/STM32CubeIDE_1.16.0/STM32CubeIDE/plugins/com.st.stm32cube.ide.mcu.externaltools.gnu-tools-for-stm32.12.3.rel1.win32_1.1.0.202410251130/tools/bin/../lib/gcc/arm-none-eabi/12.3.1/thumb/v7e-m+fp/hard/crtbegin.o
 .text          0x080001f0       0x10 D:/Cube/CubeIDE/STM32CubeIDE_1.16.0/STM32CubeIDE/plugins/com.st.stm32cube.ide.mcu.externaltools.gnu-tools-for-stm32.12.3.rel1.win32_1.1.0.202410251130/tools/bin/../lib/gcc/arm-none-eabi/12.3.1/../../../../arm-none-eabi/lib/thumb/v7e-m+fp/hard\libc_nano.a(libc_a-strlen.o)
                0x080001f0                strlen
 .text          0x08000200       0xa0 D:/Cube/CubeIDE/STM32CubeIDE_1.16.0/STM32CubeIDE/plugins/com.st.stm32cube.ide.mcu.externaltools.gnu-tools-for-stm32.12.3.rel1.win32_1.1.0.202410251130/tools/bin/../lib/gcc/arm-none-eabi/12.3.1/../../../../arm-none-eabi/lib/thumb/v7e-m+fp/hard\libc_nano.a(libc_a-memchr.o)
                0x08000200                memchr
 .text          0x080002a0       0x30 D:/Cube/CubeIDE/STM32CubeIDE_1.16.0/STM32CubeIDE/plugins/com.st.stm32cube.ide.mcu.externaltools.gnu-tools-for-stm32.12.3.rel1.win32_1.1.0.202410251130/tools/bin/../lib/gcc/arm-none-eabi/12.3.1/thumb/v7e-m+fp/hard\libgcc.a(_aeabi_uldivmod.o)
                0x080002a0                __aeabi_uldivmod
 .text          0x080002d0      0x2bc D:/Cube/CubeIDE/STM32CubeIDE_1.16.0/STM32CubeIDE/plugins/com.st.stm32cube.ide.mcu.externaltools.gnu-tools-for-stm32.12.3.rel1.win32_1.1.0.202410251130/tools/bin/../lib/gcc/arm-none-eabi/12.3.1/thumb/v7e-m+fp/hard\libgcc.a(_udivmoddi4.o)
                0x080002d0                __udivmoddi4
 .text          0x0800058c        0x4 D:/Cube/CubeIDE/STM32CubeIDE_1.16.0/STM32CubeIDE/plugins/com.st.stm32cube.ide.mcu.externaltools.gnu-tools-for-stm32.12.3.rel1.win32_1.1.0.202410251130/tools/bin/../lib/gcc/arm-none-eabi/12.3.1/thumb/v7e-m+fp/hard\libgcc.a(_dvmd_tls.o)
                0x0800058c                __aeabi_idiv0
                0x0800058c                __aeabi_ldiv0
 *(.text*)
 .text.HAL_UART_RxCpltCallback
                0x08000590       0x34 ./Core/Src/main.o
                0x08000590                HAL_UART_RxCpltCallback
 .text.main     0x080005c4      0x108 ./Core/Src/main.o
                0x080005c4                main
 .text.SystemClock_Config
                0x080006cc       0x9e ./Core/Src/main.o
                0x080006cc                SystemClock_Config
 *fill*         0x0800076a        0x2 
 .text.MX_SPI2_Init
                0x0800076c       0x7c ./Core/Src/main.o
 .text.MX_USART1_UART_Init
                0x080007e8       0x60 ./Core/Src/main.o
 .text.MX_GPIO_Init
                0x08000848       0xe0 ./Core/Src/main.o
 .text.Error_Handler
                0x08000928        0xe ./Core/Src/main.o
                0x08000928                Error_Handler
 *fill*         0x08000936        0x2 
 .text.HAL_MspInit
                0x08000938       0x48 ./Core/Src/stm32l4xx_hal_msp.o
                0x08000938                HAL_MspInit
 .text.HAL_SPI_MspInit
                0x08000980       0x88 ./Core/Src/stm32l4xx_hal_msp.o
                0x08000980                HAL_SPI_MspInit
 .text.HAL_UART_MspInit
                0x08000a08       0xcc ./Core/Src/stm32l4xx_hal_msp.o
                0x08000a08                HAL_UART_MspInit
 .text.NMI_Handler
                0x08000ad4        0x8 ./Core/Src/stm32l4xx_it.o
                0x08000ad4                NMI_Handler
 .text.HardFault_Handler
                0x08000adc        0x8 ./Core/Src/stm32l4xx_it.o
                0x08000adc                HardFault_Handler
 .text.MemManage_Handler
                0x08000ae4        0x8 ./Core/Src/stm32l4xx_it.o
                0x08000ae4                MemManage_Handler
 .text.BusFault_Handler
                0x08000aec        0x8 ./Core/Src/stm32l4xx_it.o
                0x08000aec                BusFault_Handler
 .text.UsageFault_Handler
                0x08000af4        0x8 ./Core/Src/stm32l4xx_it.o
                0x08000af4                UsageFault_Handler
 .text.SVC_Handler
                0x08000afc        0xe ./Core/Src/stm32l4xx_it.o
                0x08000afc                SVC_Handler
 .text.DebugMon_Handler
                0x08000b0a        0xe ./Core/Src/stm32l4xx_it.o
                0x08000b0a                DebugMon_Handler
 .text.PendSV_Handler
                0x08000b18        0xe ./Core/Src/stm32l4xx_it.o
                0x08000b18                PendSV_Handler
 .text.SysTick_Handler
                0x08000b26        0xc ./Core/Src/stm32l4xx_it.o
                0x08000b26                SysTick_Handler
 *fill*         0x08000b32        0x2 
 .text.USART1_IRQHandler
                0x08000b34       0x14 ./Core/Src/stm32l4xx_it.o
                0x08000b34                USART1_IRQHandler
 .text._sbrk    0x08000b48       0x6c ./Core/Src/sysmem.o
                0x08000b48                _sbrk
 .text.SystemInit
                0x08000bb4       0x24 ./Core/Src/system_stm32l4xx.o
                0x08000bb4                SystemInit
 .text.Reset_Handler
                0x08000bd8       0x50 ./Core/Startup/startup_stm32l496rgtx.o
                0x08000bd8                Reset_Handler
 .text.Default_Handler
                0x08000c28        0x2 ./Core/Startup/startup_stm32l496rgtx.o
                0x08000c28                RTC_Alarm_IRQHandler
                0x08000c28                EXTI2_IRQHandler
                0x08000c28                TIM8_TRG_COM_IRQHandler
                0x08000c28                TIM8_CC_IRQHandler
                0x08000c28                TIM1_CC_IRQHandler
                0x08000c28                TSC_IRQHandler
                0x08000c28                TAMP_STAMP_IRQHandler
                0x08000c28                CAN2_RX1_IRQHandler
                0x08000c28                EXTI3_IRQHandler
                0x08000c28                LPTIM2_IRQHandler
                0x08000c28                DFSDM1_FLT1_IRQHandler
                0x08000c28                I2C3_ER_IRQHandler
                0x08000c28                DFSDM1_FLT2_IRQHandler
                0x08000c28                EXTI0_IRQHandler
                0x08000c28                I2C2_EV_IRQHandler
                0x08000c28                CAN1_RX0_IRQHandler
                0x08000c28                FPU_IRQHandler
                0x08000c28                TIM1_UP_TIM16_IRQHandler
                0x08000c28                CAN2_SCE_IRQHandler
                0x08000c28                ADC1_2_IRQHandler
                0x08000c28                SPI1_IRQHandler
                0x08000c28                TIM6_DAC_IRQHandler
                0x08000c28                DCMI_IRQHandler
                0x08000c28                CAN2_RX0_IRQHandler
                0x08000c28                TIM8_UP_IRQHandler
                0x08000c28                DMA2_Channel2_IRQHandler
                0x08000c28                DMA1_Channel4_IRQHandler
                0x08000c28                SAI2_IRQHandler
                0x08000c28                DFSDM1_FLT3_IRQHandler
                0x08000c28                USART3_IRQHandler
                0x08000c28                DMA1_Channel7_IRQHandler
                0x08000c28                CAN1_RX1_IRQHandler
                0x08000c28                LCD_IRQHandler
                0x08000c28                UART5_IRQHandler
                0x08000c28                ADC3_IRQHandler
                0x08000c28                TIM4_IRQHandler
                0x08000c28                DMA2_Channel1_IRQHandler
                0x08000c28                QUADSPI_IRQHandler
                0x08000c28                I2C1_EV_IRQHandler
                0x08000c28                DMA1_Channel6_IRQHandler
                0x08000c28                UART4_IRQHandler
                0x08000c28                DMA2_Channel4_IRQHandler
                0x08000c28                TIM3_IRQHandler
                0x08000c28                RCC_IRQHandler
                0x08000c28                DMA1_Channel1_IRQHandler
                0x08000c28                Default_Handler
                0x08000c28                DMA2_Channel7_IRQHandler
                0x08000c28                EXTI15_10_IRQHandler
                0x08000c28                TIM7_IRQHandler
                0x08000c28                SDMMC1_IRQHandler
                0x08000c28                CAN2_TX_IRQHandler
                0x08000c28                TIM5_IRQHandler
                0x08000c28                I2C3_EV_IRQHandler
                0x08000c28                EXTI9_5_IRQHandler
                0x08000c28                RTC_WKUP_IRQHandler
                0x08000c28                PVD_PVM_IRQHandler
                0x08000c28                SPI2_IRQHandler
                0x08000c28                CAN1_TX_IRQHandler
                0x08000c28                DMA2_Channel5_IRQHandler
                0x08000c28                CRS_IRQHandler
                0x08000c28                DMA1_Channel5_IRQHandler
                0x08000c28                EXTI4_IRQHandler
                0x08000c28                RNG_IRQHandler
                0x08000c28                TIM1_TRG_COM_TIM17_IRQHandler
                0x08000c28                DMA1_Channel3_IRQHandler
                0x08000c28                COMP_IRQHandler
                0x08000c28                WWDG_IRQHandler
                0x08000c28                I2C4_EV_IRQHandler
                0x08000c28                LPUART1_IRQHandler
                0x08000c28                DMA2_Channel6_IRQHandler
                0x08000c28                TIM2_IRQHandler
                0x08000c28                EXTI1_IRQHandler
                0x08000c28                USART2_IRQHandler
                0x08000c28                DFSDM1_FLT0_IRQHandler
                0x08000c28                I2C2_ER_IRQHandler
                0x08000c28                DMA1_Channel2_IRQHandler
                0x08000c28                TIM8_BRK_IRQHandler
                0x08000c28                CAN1_SCE_IRQHandler
                0x08000c28                FLASH_IRQHandler
                0x08000c28                OTG_FS_IRQHandler
                0x08000c28                SPI3_IRQHandler
                0x08000c28                I2C1_ER_IRQHandler
                0x08000c28                FMC_IRQHandler
                0x08000c28                SWPMI1_IRQHandler
                0x08000c28                LPTIM1_IRQHandler
                0x08000c28                I2C4_ER_IRQHandler
                0x08000c28                SAI1_IRQHandler
                0x08000c28                DMA2_Channel3_IRQHandler
                0x08000c28                TIM1_BRK_TIM15_IRQHandler
 .text.HAL_Init
                0x08000c2a       0x30 ./Drivers/STM32L4xx_HAL_Driver/Src/stm32l4xx_hal.o
                0x08000c2a                HAL_Init
 *fill*         0x08000c5a        0x2 
 .text.HAL_InitTick
                0x08000c5c       0x78 ./Drivers/STM32L4xx_HAL_Driver/Src/stm32l4xx_hal.o
                0x08000c5c                HAL_InitTick
 .text.HAL_IncTick
                0x08000cd4       0x28 ./Drivers/STM32L4xx_HAL_Driver/Src/stm32l4xx_hal.o
                0x08000cd4                HAL_IncTick
 .text.HAL_GetTick
                0x08000cfc       0x18 ./Drivers/STM32L4xx_HAL_Driver/Src/stm32l4xx_hal.o
                0x08000cfc                HAL_GetTick
 .text.HAL_Delay
                0x08000d14       0x48 ./Drivers/STM32L4xx_HAL_Driver/Src/stm32l4xx_hal.o
                0x08000d14                HAL_Delay
 .text.__NVIC_SetPriorityGrouping
                0x08000d5c       0x48 ./Drivers/STM32L4xx_HAL_Driver/Src/stm32l4xx_hal_cortex.o
 .text.__NVIC_GetPriorityGrouping
                0x08000da4       0x1c ./Drivers/STM32L4xx_HAL_Driver/Src/stm32l4xx_hal_cortex.o
 .text.__NVIC_EnableIRQ
                0x08000dc0       0x3c ./Drivers/STM32L4xx_HAL_Driver/Src/stm32l4xx_hal_cortex.o
 .text.__NVIC_SetPriority
                0x08000dfc       0x54 ./Drivers/STM32L4xx_HAL_Driver/Src/stm32l4xx_hal_cortex.o
 .text.NVIC_EncodePriority
                0x08000e50       0x66 ./Drivers/STM32L4xx_HAL_Driver/Src/stm32l4xx_hal_cortex.o
 *fill*         0x08000eb6        0x2 
 .text.SysTick_Config
                0x08000eb8       0x44 ./Drivers/STM32L4xx_HAL_Driver/Src/stm32l4xx_hal_cortex.o
 .text.HAL_NVIC_SetPriorityGrouping
                0x08000efc       0x16 ./Drivers/STM32L4xx_HAL_Driver/Src/stm32l4xx_hal_cortex.o
                0x08000efc                HAL_NVIC_SetPriorityGrouping
 .text.HAL_NVIC_SetPriority
                0x08000f12       0x38 ./Drivers/STM32L4xx_HAL_Driver/Src/stm32l4xx_hal_cortex.o
                0x08000f12                HAL_NVIC_SetPriority
 .text.HAL_NVIC_EnableIRQ
                0x08000f4a       0x1c ./Drivers/STM32L4xx_HAL_Driver/Src/stm32l4xx_hal_cortex.o
                0x08000f4a                HAL_NVIC_EnableIRQ
 .text.HAL_SYSTICK_Config
                0x08000f66       0x18 ./Drivers/STM32L4xx_HAL_Driver/Src/stm32l4xx_hal_cortex.o
                0x08000f66                HAL_SYSTICK_Config
 .text.HAL_DMA_Abort
                0x08000f7e       0x7c ./Drivers/STM32L4xx_HAL_Driver/Src/stm32l4xx_hal_dma.o
                0x08000f7e                HAL_DMA_Abort
 .text.HAL_DMA_Abort_IT
                0x08000ffa       0x82 ./Drivers/STM32L4xx_HAL_Driver/Src/stm32l4xx_hal_dma.o
                0x08000ffa                HAL_DMA_Abort_IT
 .text.HAL_GPIO_Init
                0x0800107c      0x324 ./Drivers/STM32L4xx_HAL_Driver/Src/stm32l4xx_hal_gpio.o
                0x0800107c                HAL_GPIO_Init
 .text.HAL_GPIO_WritePin
                0x080013a0       0x30 ./Drivers/STM32L4xx_HAL_Driver/Src/stm32l4xx_hal_gpio.o
                0x080013a0                HAL_GPIO_WritePin
 .text.HAL_GPIO_TogglePin
                0x080013d0       0x34 ./Drivers/STM32L4xx_HAL_Driver/Src/stm32l4xx_hal_gpio.o
                0x080013d0                HAL_GPIO_TogglePin
 .text.HAL_PWREx_GetVoltageRange
                0x08001404       0x1c ./Drivers/STM32L4xx_HAL_Driver/Src/stm32l4xx_hal_pwr_ex.o
                0x08001404                HAL_PWREx_GetVoltageRange
 .text.HAL_PWREx_ControlVoltageScaling
                0x08001420       0xac ./Drivers/STM32L4xx_HAL_Driver/Src/stm32l4xx_hal_pwr_ex.o
                0x08001420                HAL_PWREx_ControlVoltageScaling
 .text.HAL_RCC_OscConfig
                0x080014cc      0x834 ./Drivers/STM32L4xx_HAL_Driver/Src/stm32l4xx_hal_rcc.o
                0x080014cc                HAL_RCC_OscConfig
 .text.HAL_RCC_ClockConfig
                0x08001d00      0x200 ./Drivers/STM32L4xx_HAL_Driver/Src/stm32l4xx_hal_rcc.o
                0x08001d00                HAL_RCC_ClockConfig
 .text.HAL_RCC_GetSysClockFreq
                0x08001f00      0x118 ./Drivers/STM32L4xx_HAL_Driver/Src/stm32l4xx_hal_rcc.o
                0x08001f00                HAL_RCC_GetSysClockFreq
 .text.HAL_RCC_GetHCLKFreq
                0x08002018       0x18 ./Drivers/STM32L4xx_HAL_Driver/Src/stm32l4xx_hal_rcc.o
                0x08002018                HAL_RCC_GetHCLKFreq
 .text.HAL_RCC_GetPCLK1Freq
                0x08002030       0x2c ./Drivers/STM32L4xx_HAL_Driver/Src/stm32l4xx_hal_rcc.o
                0x08002030                HAL_RCC_GetPCLK1Freq
 .text.HAL_RCC_GetPCLK2Freq
                0x0800205c       0x2c ./Drivers/STM32L4xx_HAL_Driver/Src/stm32l4xx_hal_rcc.o
                0x0800205c                HAL_RCC_GetPCLK2Freq
 .text.RCC_SetFlashLatencyFromMSIRange
                0x08002088       0xc0 ./Drivers/STM32L4xx_HAL_Driver/Src/stm32l4xx_hal_rcc.o
 .text.HAL_RCCEx_PeriphCLKConfig
                0x08002148      0x5f8 ./Drivers/STM32L4xx_HAL_Driver/Src/stm32l4xx_hal_rcc_ex.o
                0x08002148                HAL_RCCEx_PeriphCLKConfig
 .text.RCCEx_PLLSAI1_Config
                0x08002740      0x1e4 ./Drivers/STM32L4xx_HAL_Driver/Src/stm32l4xx_hal_rcc_ex.o
 .text.RCCEx_PLLSAI2_Config
                0x08002924      0x1b8 ./Drivers/STM32L4xx_HAL_Driver/Src/stm32l4xx_hal_rcc_ex.o
 .text.HAL_SPI_Init
                0x08002adc      0x146 ./Drivers/STM32L4xx_HAL_Driver/Src/stm32l4xx_hal_spi.o
                0x08002adc                HAL_SPI_Init
 .text.HAL_SPI_Transmit
                0x08002c22      0x2ec ./Drivers/STM32L4xx_HAL_Driver/Src/stm32l4xx_hal_spi.o
                0x08002c22                HAL_SPI_Transmit
 .text.HAL_SPI_Receive
                0x08002f0e      0x270 ./Drivers/STM32L4xx_HAL_Driver/Src/stm32l4xx_hal_spi.o
                0x08002f0e                HAL_SPI_Receive
 .text.HAL_SPI_TransmitReceive
                0x0800317e      0x43e ./Drivers/STM32L4xx_HAL_Driver/Src/stm32l4xx_hal_spi.o
                0x0800317e                HAL_SPI_TransmitReceive
 .text.SPI_WaitFlagStateUntilTimeout
                0x080035bc      0x110 ./Drivers/STM32L4xx_HAL_Driver/Src/stm32l4xx_hal_spi.o
 .text.SPI_WaitFifoStateUntilTimeout
                0x080036cc      0x12c ./Drivers/STM32L4xx_HAL_Driver/Src/stm32l4xx_hal_spi.o
 .text.SPI_EndRxTransaction
                0x080037f8       0xb0 ./Drivers/STM32L4xx_HAL_Driver/Src/stm32l4xx_hal_spi.o
 .text.SPI_EndRxTxTransaction
                0x080038a8       0x8c ./Drivers/STM32L4xx_HAL_Driver/Src/stm32l4xx_hal_spi.o
 .text.HAL_UART_Init
                0x08003934       0x9c ./Drivers/STM32L4xx_HAL_Driver/Src/stm32l4xx_hal_uart.o
                0x08003934                HAL_UART_Init
 .text.HAL_UART_Transmit
                0x080039d0      0x112 ./Drivers/STM32L4xx_HAL_Driver/Src/stm32l4xx_hal_uart.o
                0x080039d0                HAL_UART_Transmit
 *fill*         0x08003ae2        0x2 
 .text.HAL_UART_Receive_IT
                0x08003ae4       0x98 ./Drivers/STM32L4xx_HAL_Driver/Src/stm32l4xx_hal_uart.o
                0x08003ae4                HAL_UART_Receive_IT
 .text.HAL_UART_IRQHandler
                0x08003b7c      0x60c ./Drivers/STM32L4xx_HAL_Driver/Src/stm32l4xx_hal_uart.o
                0x08003b7c                HAL_UART_IRQHandler
 .text.HAL_UART_TxCpltCallback
                0x08004188       0x14 ./Drivers/STM32L4xx_HAL_Driver/Src/stm32l4xx_hal_uart.o
                0x08004188                HAL_UART_TxCpltCallback
 .text.HAL_UART_ErrorCallback
                0x0800419c       0x14 ./Drivers/STM32L4xx_HAL_Driver/Src/stm32l4xx_hal_uart.o
                0x0800419c                HAL_UART_ErrorCallback
 .text.HAL_UARTEx_RxEventCallback
                0x080041b0       0x18 ./Drivers/STM32L4xx_HAL_Driver/Src/stm32l4xx_hal_uart.o
                0x080041b0                HAL_UARTEx_RxEventCallback
 .text.UART_SetConfig
                0x080041c8      0x570 ./Drivers/STM32L4xx_HAL_Driver/Src/stm32l4xx_hal_uart.o
                0x080041c8                UART_SetConfig
 .text.UART_AdvFeatureConfig
                0x08004738      0x144 ./Drivers/STM32L4xx_HAL_Driver/Src/stm32l4xx_hal_uart.o
                0x08004738                UART_AdvFeatureConfig
 .text.UART_CheckIdleState
                0x0800487c      0x150 ./Drivers/STM32L4xx_HAL_Driver/Src/stm32l4xx_hal_uart.o
                0x0800487c                UART_CheckIdleState
 .text.UART_WaitOnFlagUntilTimeout
                0x080049cc       0xda ./Drivers/STM32L4xx_HAL_Driver/Src/stm32l4xx_hal_uart.o
                0x080049cc                UART_WaitOnFlagUntilTimeout
 *fill*         0x08004aa6        0x2 
 .text.UART_Start_Receive_IT
                0x08004aa8      0x18c ./Drivers/STM32L4xx_HAL_Driver/Src/stm32l4xx_hal_uart.o
                0x08004aa8                UART_Start_Receive_IT
 .text.UART_EndRxTransfer
                0x08004c34       0xc8 ./Drivers/STM32L4xx_HAL_Driver/Src/stm32l4xx_hal_uart.o
 .text.UART_DMAAbortOnError
                0x08004cfc       0x2c ./Drivers/STM32L4xx_HAL_Driver/Src/stm32l4xx_hal_uart.o
 .text.UART_EndTransmit_IT
                0x08004d28       0x54 ./Drivers/STM32L4xx_HAL_Driver/Src/stm32l4xx_hal_uart.o
 .text.UART_RxISR_8BIT
                0x08004d7c      0x1bc ./Drivers/STM32L4xx_HAL_Driver/Src/stm32l4xx_hal_uart.o
 .text.UART_RxISR_16BIT
                0x08004f38      0x1bc ./Drivers/STM32L4xx_HAL_Driver/Src/stm32l4xx_hal_uart.o
 .text.HAL_UARTEx_WakeupCallback
                0x080050f4       0x14 ./Drivers/STM32L4xx_HAL_Driver/Src/stm32l4xx_hal_uart_ex.o
                0x080050f4                HAL_UARTEx_WakeupCallback
 .text.adxl_read_reg_multiple
                0x08005108       0x36 ./Drivers/adxl372/adxl372.o
                0x08005108                adxl_read_reg_multiple
 .text.adxl_read_reg
                0x0800513e       0x22 ./Drivers/adxl372/adxl372.o
                0x0800513e                adxl_read_reg
 .text.adxl_write_reg
                0x08005160       0x34 ./Drivers/adxl372/adxl372.o
                0x08005160                adxl_write_reg
 .text.adxl_update_reg
                0x08005194       0x7a ./Drivers/adxl372/adxl372.o
 .text.adxl372_Set_Op_mode
                0x0800520e       0x20 ./Drivers/adxl372/adxl372.o
                0x0800520e                adxl372_Set_Op_mode
 .text.adxl372_Set_ODR
                0x0800522e       0x20 ./Drivers/adxl372/adxl372.o
                0x0800522e                adxl372_Set_ODR
 .text.adxl372_Set_BandWidth
                0x0800524e       0x20 ./Drivers/adxl372/adxl372.o
                0x0800524e                adxl372_Set_BandWidth
 .text.adxl372_Set_Act_Proc_Mode
                0x0800526e       0x20 ./Drivers/adxl372/adxl372.o
                0x0800526e                adxl372_Set_Act_Proc_Mode
 .text.adxl372_Set_Activity_Threshold
                0x0800528e       0xa2 ./Drivers/adxl372/adxl372.o
                0x0800528e                adxl372_Set_Activity_Threshold
 .text.adxl372_Set_Inactivity_Threshold
                0x08005330       0xb0 ./Drivers/adxl372/adxl372.o
                0x08005330                adxl372_Set_Inactivity_Threshold
 .text.adxl372_Set_Activity_Time
                0x080053e0       0x1e ./Drivers/adxl372/adxl372.o
                0x080053e0                adxl372_Set_Activity_Time
 .text.adxl372_Set_Inactivity_Time
                0x080053fe       0x30 ./Drivers/adxl372/adxl372.o
                0x080053fe                adxl372_Set_Inactivity_Time
 .text.adxl372_Set_Filter_Settle
                0x0800542e       0x20 ./Drivers/adxl372/adxl372.o
                0x0800542e                adxl372_Set_Filter_Settle
 .text.adxl372_Get_Highest_Peak_Accel_data
                0x0800544e       0xae ./Drivers/adxl372/adxl372.o
                0x0800544e                adxl372_Get_Highest_Peak_Accel_data
 .text.adxl372_Reset
                0x080054fc       0x1a ./Drivers/adxl372/adxl372.o
                0x080054fc                adxl372_Reset
 *fill*         0x08005516        0x2 
 .text.adxl372_Configure_FIFO
                0x08005518       0x9c ./Drivers/adxl372/adxl372.o
                0x08005518                adxl372_Configure_FIFO
 .text.adxl372_Set_Filters
                0x080055b4       0x44 ./Drivers/adxl372/adxl372.o
                0x080055b4                adxl372_Set_Filters
 .text.adxl372_Set_Noise_Mode
                0x080055f8       0x24 ./Drivers/adxl372/adxl372.o
                0x080055f8                adxl372_Set_Noise_Mode
 .text.adxl372_Init
                0x0800561c       0x6a ./Drivers/adxl372/adxl372.o
                0x0800561c                adxl372_Init
 *fill*         0x08005686        0x2 
 .text.adxl372_Get_Shock
                0x08005688       0x64 ./Drivers/adxl372/adxl372.o
                0x08005688                adxl372_Get_Shock
 .text.adxl372_Triplet_Abs
                0x080056ec       0x98 ./Drivers/adxl372/adxl372.o
                0x080056ec                adxl372_Triplet_Abs
 .text.adxl372_Get_MaxG
                0x08005784       0x3c ./Drivers/adxl372/adxl372.o
                0x08005784                adxl372_Get_MaxG
 .text.max3     0x080057c0       0x4a ./Drivers/adxl372/adxl372.o
                0x080057c0                max3
 *fill*         0x0800580a        0x2 
 .text.spi_write_then_read
                0x0800580c       0x98 ./Drivers/adxl372/adxl372.o
                0x0800580c                spi_write_then_read
 .text.sprintf  0x080058a4       0x40 D:/Cube/CubeIDE/STM32CubeIDE_1.16.0/STM32CubeIDE/plugins/com.st.stm32cube.ide.mcu.externaltools.gnu-tools-for-stm32.12.3.rel1.win32_1.1.0.202410251130/tools/bin/../lib/gcc/arm-none-eabi/12.3.1/../../../../arm-none-eabi/lib/thumb/v7e-m+fp/hard\libc_nano.a(libc_a-sprintf.o)
                0x080058a4                siprintf
                0x080058a4                sprintf
 .text.memset   0x080058e4       0x10 D:/Cube/CubeIDE/STM32CubeIDE_1.16.0/STM32CubeIDE/plugins/com.st.stm32cube.ide.mcu.externaltools.gnu-tools-for-stm32.12.3.rel1.win32_1.1.0.202410251130/tools/bin/../lib/gcc/arm-none-eabi/12.3.1/../../../../arm-none-eabi/lib/thumb/v7e-m+fp/hard\libc_nano.a(libc_a-memset.o)
                0x080058e4                memset
 .text.__errno  0x080058f4        0xc D:/Cube/CubeIDE/STM32CubeIDE_1.16.0/STM32CubeIDE/plugins/com.st.stm32cube.ide.mcu.externaltools.gnu-tools-for-stm32.12.3.rel1.win32_1.1.0.202410251130/tools/bin/../lib/gcc/arm-none-eabi/12.3.1/../../../../arm-none-eabi/lib/thumb/v7e-m+fp/hard\libc_nano.a(libc_a-errno.o)
                0x080058f4                __errno
 .text.__libc_init_array
                0x08005900       0x48 D:/Cube/CubeIDE/STM32CubeIDE_1.16.0/STM32CubeIDE/plugins/com.st.stm32cube.ide.mcu.externaltools.gnu-tools-for-stm32.12.3.rel1.win32_1.1.0.202410251130/tools/bin/../lib/gcc/arm-none-eabi/12.3.1/../../../../arm-none-eabi/lib/thumb/v7e-m+fp/hard\libc_nano.a(libc_a-init.o)
                0x08005900                __libc_init_array
 .text.__retarget_lock_acquire_recursive
                0x08005948        0x2 D:/Cube/CubeIDE/STM32CubeIDE_1.16.0/STM32CubeIDE/plugins/com.st.stm32cube.ide.mcu.externaltools.gnu-tools-for-stm32.12.3.rel1.win32_1.1.0.202410251130/tools/bin/../lib/gcc/arm-none-eabi/12.3.1/../../../../arm-none-eabi/lib/thumb/v7e-m+fp/hard\libc_nano.a(libc_a-lock.o)
                0x08005948                __retarget_lock_acquire_recursive
 .text.__retarget_lock_release_recursive
                0x0800594a        0x2 D:/Cube/CubeIDE/STM32CubeIDE_1.16.0/STM32CubeIDE/plugins/com.st.stm32cube.ide.mcu.externaltools.gnu-tools-for-stm32.12.3.rel1.win32_1.1.0.202410251130/tools/bin/../lib/gcc/arm-none-eabi/12.3.1/../../../../arm-none-eabi/lib/thumb/v7e-m+fp/hard\libc_nano.a(libc_a-lock.o)
                0x0800594a                __retarget_lock_release_recursive
 .text._free_r  0x0800594c       0x94 D:/Cube/CubeIDE/STM32CubeIDE_1.16.0/STM32CubeIDE/plugins/com.st.stm32cube.ide.mcu.externaltools.gnu-tools-for-stm32.12.3.rel1.win32_1.1.0.202410251130/tools/bin/../lib/gcc/arm-none-eabi/12.3.1/../../../../arm-none-eabi/lib/thumb/v7e-m+fp/hard\libc_nano.a(libc_a-freer.o)
                0x0800594c                _free_r
 .text.sbrk_aligned
                0x080059e0       0x44 D:/Cube/CubeIDE/STM32CubeIDE_1.16.0/STM32CubeIDE/plugins/com.st.stm32cube.ide.mcu.externaltools.gnu-tools-for-stm32.12.3.rel1.win32_1.1.0.202410251130/tools/bin/../lib/gcc/arm-none-eabi/12.3.1/../../../../arm-none-eabi/lib/thumb/v7e-m+fp/hard\libc_nano.a(libc_a-mallocr.o)
 .text._malloc_r
                0x08005a24      0x100 D:/Cube/CubeIDE/STM32CubeIDE_1.16.0/STM32CubeIDE/plugins/com.st.stm32cube.ide.mcu.externaltools.gnu-tools-for-stm32.12.3.rel1.win32_1.1.0.202410251130/tools/bin/../lib/gcc/arm-none-eabi/12.3.1/../../../../arm-none-eabi/lib/thumb/v7e-m+fp/hard\libc_nano.a(libc_a-mallocr.o)
                0x08005a24                _malloc_r
 .text.__malloc_lock
                0x08005b24        0xc D:/Cube/CubeIDE/STM32CubeIDE_1.16.0/STM32CubeIDE/plugins/com.st.stm32cube.ide.mcu.externaltools.gnu-tools-for-stm32.12.3.rel1.win32_1.1.0.202410251130/tools/bin/../lib/gcc/arm-none-eabi/12.3.1/../../../../arm-none-eabi/lib/thumb/v7e-m+fp/hard\libc_nano.a(libc_a-mlock.o)
                0x08005b24                __malloc_lock
 .text.__malloc_unlock
                0x08005b30        0xc D:/Cube/CubeIDE/STM32CubeIDE_1.16.0/STM32CubeIDE/plugins/com.st.stm32cube.ide.mcu.externaltools.gnu-tools-for-stm32.12.3.rel1.win32_1.1.0.202410251130/tools/bin/../lib/gcc/arm-none-eabi/12.3.1/../../../../arm-none-eabi/lib/thumb/v7e-m+fp/hard\libc_nano.a(libc_a-mlock.o)
                0x08005b30                __malloc_unlock
 .text.__ssputs_r
                0x08005b3c       0xb6 D:/Cube/CubeIDE/STM32CubeIDE_1.16.0/STM32CubeIDE/plugins/com.st.stm32cube.ide.mcu.externaltools.gnu-tools-for-stm32.12.3.rel1.win32_1.1.0.202410251130/tools/bin/../lib/gcc/arm-none-eabi/12.3.1/../../../../arm-none-eabi/lib/thumb/v7e-m+fp/hard\libc_nano.a(libc_a-nano-svfprintf.o)
                0x08005b3c                __ssputs_r
 *fill*         0x08005bf2        0x2 
 .text._svfprintf_r
                0x08005bf4      0x1f8 D:/Cube/CubeIDE/STM32CubeIDE_1.16.0/STM32CubeIDE/plugins/com.st.stm32cube.ide.mcu.externaltools.gnu-tools-for-stm32.12.3.rel1.win32_1.1.0.202410251130/tools/bin/../lib/gcc/arm-none-eabi/12.3.1/../../../../arm-none-eabi/lib/thumb/v7e-m+fp/hard\libc_nano.a(libc_a-nano-svfprintf.o)
                0x08005bf4                _svfiprintf_r
                0x08005bf4                _svfprintf_r
 .text._printf_common
                0x08005dec       0xda D:/Cube/CubeIDE/STM32CubeIDE_1.16.0/STM32CubeIDE/plugins/com.st.stm32cube.ide.mcu.externaltools.gnu-tools-for-stm32.12.3.rel1.win32_1.1.0.202410251130/tools/bin/../lib/gcc/arm-none-eabi/12.3.1/../../../../arm-none-eabi/lib/thumb/v7e-m+fp/hard\libc_nano.a(libc_a-nano-vfprintf_i.o)
                0x08005dec                _printf_common
 *fill*         0x08005ec6        0x2 
 .text._printf_i
                0x08005ec8      0x240 D:/Cube/CubeIDE/STM32CubeIDE_1.16.0/STM32CubeIDE/plugins/com.st.stm32cube.ide.mcu.externaltools.gnu-tools-for-stm32.12.3.rel1.win32_1.1.0.202410251130/tools/bin/../lib/gcc/arm-none-eabi/12.3.1/../../../../arm-none-eabi/lib/thumb/v7e-m+fp/hard\libc_nano.a(libc_a-nano-vfprintf_i.o)
                0x08005ec8                _printf_i
 .text.memmove  0x08006108       0x34 D:/Cube/CubeIDE/STM32CubeIDE_1.16.0/STM32CubeIDE/plugins/com.st.stm32cube.ide.mcu.externaltools.gnu-tools-for-stm32.12.3.rel1.win32_1.1.0.202410251130/tools/bin/../lib/gcc/arm-none-eabi/12.3.1/../../../../arm-none-eabi/lib/thumb/v7e-m+fp/hard\libc_nano.a(libc_a-memmove.o)
                0x08006108                memmove
 .text._sbrk_r  0x0800613c       0x20 D:/Cube/CubeIDE/STM32CubeIDE_1.16.0/STM32CubeIDE/plugins/com.st.stm32cube.ide.mcu.externaltools.gnu-tools-for-stm32.12.3.rel1.win32_1.1.0.202410251130/tools/bin/../lib/gcc/arm-none-eabi/12.3.1/../../../../arm-none-eabi/lib/thumb/v7e-m+fp/hard\libc_nano.a(libc_a-sbrkr.o)
                0x0800613c                _sbrk_r
 .text.memcpy   0x0800615c       0x1c D:/Cube/CubeIDE/STM32CubeIDE_1.16.0/STM32CubeIDE/plugins/com.st.stm32cube.ide.mcu.externaltools.gnu-tools-for-stm32.12.3.rel1.win32_1.1.0.202410251130/tools/bin/../lib/gcc/arm-none-eabi/12.3.1/../../../../arm-none-eabi/lib/thumb/v7e-m+fp/hard\libc_nano.a(libc_a-memcpy-stub.o)
                0x0800615c                memcpy
 .text._realloc_r
                0x08006178       0x5c D:/Cube/CubeIDE/STM32CubeIDE_1.16.0/STM32CubeIDE/plugins/com.st.stm32cube.ide.mcu.externaltools.gnu-tools-for-stm32.12.3.rel1.win32_1.1.0.202410251130/tools/bin/../lib/gcc/arm-none-eabi/12.3.1/../../../../arm-none-eabi/lib/thumb/v7e-m+fp/hard\libc_nano.a(libc_a-reallocr.o)
                0x08006178                _realloc_r
 .text._malloc_usable_size_r
                0x080061d4       0x10 D:/Cube/CubeIDE/STM32CubeIDE_1.16.0/STM32CubeIDE/plugins/com.st.stm32cube.ide.mcu.externaltools.gnu-tools-for-stm32.12.3.rel1.win32_1.1.0.202410251130/tools/bin/../lib/gcc/arm-none-eabi/12.3.1/../../../../arm-none-eabi/lib/thumb/v7e-m+fp/hard\libc_nano.a(libc_a-msizer.o)
                0x080061d4                _malloc_usable_size_r
 *(.glue_7)
 .glue_7        0x080061e4        0x0 linker stubs
 *(.glue_7t)
 .glue_7t       0x080061e4        0x0 linker stubs
 *(.eh_frame)
 .eh_frame      0x080061e4        0x0 D:/Cube/CubeIDE/STM32CubeIDE_1.16.0/STM32CubeIDE/plugins/com.st.stm32cube.ide.mcu.externaltools.gnu-tools-for-stm32.12.3.rel1.win32_1.1.0.202410251130/tools/bin/../lib/gcc/arm-none-eabi/12.3.1/thumb/v7e-m+fp/hard/crtbegin.o
 *(.init)
 .init          0x080061e4        0x4 D:/Cube/CubeIDE/STM32CubeIDE_1.16.0/STM32CubeIDE/plugins/com.st.stm32cube.ide.mcu.externaltools.gnu-tools-for-stm32.12.3.rel1.win32_1.1.0.202410251130/tools/bin/../lib/gcc/arm-none-eabi/12.3.1/thumb/v7e-m+fp/hard/crti.o
                0x080061e4                _init
 .init          0x080061e8        0x8 D:/Cube/CubeIDE/STM32CubeIDE_1.16.0/STM32CubeIDE/plugins/com.st.stm32cube.ide.mcu.externaltools.gnu-tools-for-stm32.12.3.rel1.win32_1.1.0.202410251130/tools/bin/../lib/gcc/arm-none-eabi/12.3.1/thumb/v7e-m+fp/hard/crtn.o
 *(.fini)
 .fini          0x080061f0        0x4 D:/Cube/CubeIDE/STM32CubeIDE_1.16.0/STM32CubeIDE/plugins/com.st.stm32cube.ide.mcu.externaltools.gnu-tools-for-stm32.12.3.rel1.win32_1.1.0.202410251130/tools/bin/../lib/gcc/arm-none-eabi/12.3.1/thumb/v7e-m+fp/hard/crti.o
                0x080061f0                _fini
 .fini          0x080061f4        0x8 D:/Cube/CubeIDE/STM32CubeIDE_1.16.0/STM32CubeIDE/plugins/com.st.stm32cube.ide.mcu.externaltools.gnu-tools-for-stm32.12.3.rel1.win32_1.1.0.202410251130/tools/bin/../lib/gcc/arm-none-eabi/12.3.1/thumb/v7e-m+fp/hard/crtn.o
                0x080061fc                        . = ALIGN (0x4)
                0x080061fc                        _etext = .

.vfp11_veneer   0x080061fc        0x0
 .vfp11_veneer  0x080061fc        0x0 linker stubs

.v4_bx          0x080061fc        0x0
 .v4_bx         0x080061fc        0x0 linker stubs

.iplt           0x080061fc        0x0
 .iplt          0x080061fc        0x0 D:/Cube/CubeIDE/STM32CubeIDE_1.16.0/STM32CubeIDE/plugins/com.st.stm32cube.ide.mcu.externaltools.gnu-tools-for-stm32.12.3.rel1.win32_1.1.0.202410251130/tools/bin/../lib/gcc/arm-none-eabi/12.3.1/thumb/v7e-m+fp/hard/crtbegin.o

.rodata         0x080061fc       0xc4
                0x080061fc                        . = ALIGN (0x4)
 *(.rodata)
 .rodata        0x080061fc       0x46 ./Core/Src/main.o
 *(.rodata*)
 *fill*         0x08006242        0x2 
 .rodata.AHBPrescTable
                0x08006244       0x10 ./Core/Src/system_stm32l4xx.o
                0x08006244                AHBPrescTable
 .rodata.APBPrescTable
                0x08006254        0x8 ./Core/Src/system_stm32l4xx.o
                0x08006254                APBPrescTable
 .rodata.MSIRangeTable
                0x0800625c       0x30 ./Core/Src/system_stm32l4xx.o
                0x0800625c                MSIRangeTable
 .rodata._svfprintf_r.str1.1
                0x0800628c       0x11 D:/Cube/CubeIDE/STM32CubeIDE_1.16.0/STM32CubeIDE/plugins/com.st.stm32cube.ide.mcu.externaltools.gnu-tools-for-stm32.12.3.rel1.win32_1.1.0.202410251130/tools/bin/../lib/gcc/arm-none-eabi/12.3.1/../../../../arm-none-eabi/lib/thumb/v7e-m+fp/hard\libc_nano.a(libc_a-nano-svfprintf.o)
 .rodata._printf_i.str1.1
                0x0800629d       0x22 D:/Cube/CubeIDE/STM32CubeIDE_1.16.0/STM32CubeIDE/plugins/com.st.stm32cube.ide.mcu.externaltools.gnu-tools-for-stm32.12.3.rel1.win32_1.1.0.202410251130/tools/bin/../lib/gcc/arm-none-eabi/12.3.1/../../../../arm-none-eabi/lib/thumb/v7e-m+fp/hard\libc_nano.a(libc_a-nano-vfprintf_i.o)
                0x080062c0                        . = ALIGN (0x4)
 *fill*         0x080062bf        0x1 

.ARM.extab      0x080062c0        0x0
                0x080062c0                        . = ALIGN (0x4)
 *(.ARM.extab* .gnu.linkonce.armextab.*)
                0x080062c0                        . = ALIGN (0x4)

.ARM            0x080062c0        0x8
                0x080062c0                        . = ALIGN (0x4)
                0x080062c0                        __exidx_start = .
 *(.ARM.exidx*)
 .ARM.exidx     0x080062c0        0x8 D:/Cube/CubeIDE/STM32CubeIDE_1.16.0/STM32CubeIDE/plugins/com.st.stm32cube.ide.mcu.externaltools.gnu-tools-for-stm32.12.3.rel1.win32_1.1.0.202410251130/tools/bin/../lib/gcc/arm-none-eabi/12.3.1/../../../../arm-none-eabi/lib/thumb/v7e-m+fp/hard\libc_nano.a(libc_a-strlen.o)
 .ARM.exidx     0x080062c8        0x0 D:/Cube/CubeIDE/STM32CubeIDE_1.16.0/STM32CubeIDE/plugins/com.st.stm32cube.ide.mcu.externaltools.gnu-tools-for-stm32.12.3.rel1.win32_1.1.0.202410251130/tools/bin/../lib/gcc/arm-none-eabi/12.3.1/../../../../arm-none-eabi/lib/thumb/v7e-m+fp/hard\libc_nano.a(libc_a-memchr.o)
                                  0x8 (size before relaxing)
 .ARM.exidx     0x080062c8        0x0 D:/Cube/CubeIDE/STM32CubeIDE_1.16.0/STM32CubeIDE/plugins/com.st.stm32cube.ide.mcu.externaltools.gnu-tools-for-stm32.12.3.rel1.win32_1.1.0.202410251130/tools/bin/../lib/gcc/arm-none-eabi/12.3.1/thumb/v7e-m+fp/hard\libgcc.a(_udivmoddi4.o)
                                  0x8 (size before relaxing)
                0x080062c8                        __exidx_end = .
                0x080062c8                        . = ALIGN (0x4)

.preinit_array  0x080062c8        0x0
                0x080062c8                        . = ALIGN (0x4)
                0x080062c8                        PROVIDE (__preinit_array_start = .)
 *(.preinit_array*)
                0x080062c8                        PROVIDE (__preinit_array_end = .)
                0x080062c8                        . = ALIGN (0x4)

.init_array     0x080062c8        0x4
                0x080062c8                        . = ALIGN (0x4)
                0x080062c8                        PROVIDE (__init_array_start = .)
 *(SORT_BY_NAME(.init_array.*))
 *(.init_array*)
 .init_array    0x080062c8        0x4 D:/Cube/CubeIDE/STM32CubeIDE_1.16.0/STM32CubeIDE/plugins/com.st.stm32cube.ide.mcu.externaltools.gnu-tools-for-stm32.12.3.rel1.win32_1.1.0.202410251130/tools/bin/../lib/gcc/arm-none-eabi/12.3.1/thumb/v7e-m+fp/hard/crtbegin.o
                0x080062cc                        PROVIDE (__init_array_end = .)
                0x080062cc                        . = ALIGN (0x4)

.fini_array     0x080062cc        0x4
                0x080062cc                        . = ALIGN (0x4)
                [!provide]                        PROVIDE (__fini_array_start = .)
 *(SORT_BY_NAME(.fini_array.*))
 *(.fini_array*)
 .fini_array    0x080062cc        0x4 D:/Cube/CubeIDE/STM32CubeIDE_1.16.0/STM32CubeIDE/plugins/com.st.stm32cube.ide.mcu.externaltools.gnu-tools-for-stm32.12.3.rel1.win32_1.1.0.202410251130/tools/bin/../lib/gcc/arm-none-eabi/12.3.1/thumb/v7e-m+fp/hard/crtbegin.o
                [!provide]                        PROVIDE (__fini_array_end = .)
                0x080062d0                        . = ALIGN (0x4)
                0x080062d0                        _sidata = LOADADDR (.data)

.rel.dyn        0x080062d0        0x0
 .rel.iplt      0x080062d0        0x0 D:/Cube/CubeIDE/STM32CubeIDE_1.16.0/STM32CubeIDE/plugins/com.st.stm32cube.ide.mcu.externaltools.gnu-tools-for-stm32.12.3.rel1.win32_1.1.0.202410251130/tools/bin/../lib/gcc/arm-none-eabi/12.3.1/thumb/v7e-m+fp/hard/crtbegin.o

.data           0x20000000       0x5c load address 0x080062d0
                0x20000000                        . = ALIGN (0x4)
                0x20000000                        _sdata = .
 *(.data)
 *(.data*)
 .data.SystemCoreClock
                0x20000000        0x4 ./Core/Src/system_stm32l4xx.o
                0x20000000                SystemCoreClock
 .data.uwTickPrio
                0x20000004        0x4 ./Drivers/STM32L4xx_HAL_Driver/Src/stm32l4xx_hal.o
                0x20000004                uwTickPrio
 .data.uwTickFreq
                0x20000008        0x1 ./Drivers/STM32L4xx_HAL_Driver/Src/stm32l4xx_hal.o
                0x20000008                uwTickFreq
 *fill*         0x20000009        0x3 
 .data._impure_ptr
                0x2000000c        0x4 D:/Cube/CubeIDE/STM32CubeIDE_1.16.0/STM32CubeIDE/plugins/com.st.stm32cube.ide.mcu.externaltools.gnu-tools-for-stm32.12.3.rel1.win32_1.1.0.202410251130/tools/bin/../lib/gcc/arm-none-eabi/12.3.1/../../../../arm-none-eabi/lib/thumb/v7e-m+fp/hard\libc_nano.a(libc_a-impure.o)
                0x2000000c                _impure_ptr
 .data._impure_data
                0x20000010       0x4c D:/Cube/CubeIDE/STM32CubeIDE_1.16.0/STM32CubeIDE/plugins/com.st.stm32cube.ide.mcu.externaltools.gnu-tools-for-stm32.12.3.rel1.win32_1.1.0.202410251130/tools/bin/../lib/gcc/arm-none-eabi/12.3.1/../../../../arm-none-eabi/lib/thumb/v7e-m+fp/hard\libc_nano.a(libc_a-impure.o)
                0x20000010                _impure_data
 *(.RamFunc)
 *(.RamFunc*)
                0x2000005c                        . = ALIGN (0x4)
                0x2000005c                        _edata = .

.igot.plt       0x2000005c        0x0 load address 0x0800632c
 .igot.plt      0x2000005c        0x0 D:/Cube/CubeIDE/STM32CubeIDE_1.16.0/STM32CubeIDE/plugins/com.st.stm32cube.ide.mcu.externaltools.gnu-tools-for-stm32.12.3.rel1.win32_1.1.0.202410251130/tools/bin/../lib/gcc/arm-none-eabi/12.3.1/thumb/v7e-m+fp/hard/crtbegin.o
                0x2000005c                        . = ALIGN (0x4)

.bss            0x2000005c      0x264 load address 0x0800632c
                0x2000005c                        _sbss = .
                0x2000005c                        __bss_start__ = _sbss
 *(.bss)
 .bss           0x2000005c       0x1c D:/Cube/CubeIDE/STM32CubeIDE_1.16.0/STM32CubeIDE/plugins/com.st.stm32cube.ide.mcu.externaltools.gnu-tools-for-stm32.12.3.rel1.win32_1.1.0.202410251130/tools/bin/../lib/gcc/arm-none-eabi/12.3.1/thumb/v7e-m+fp/hard/crtbegin.o
 *(.bss*)
 .bss.hspi2     0x20000078       0x64 ./Core/Src/main.o
                0x20000078                hspi2
 .bss.huart1    0x200000dc       0x88 ./Core/Src/main.o
                0x200000dc                huart1
 .bss.uart1_cmd_ready
                0x20000164        0x1 ./Core/Src/main.o
 *fill*         0x20000165        0x3 
 .bss.__sbrk_heap_end
                0x20000168        0x4 ./Core/Src/sysmem.o
 .bss.uwTick    0x2000016c        0x4 ./Drivers/STM32L4xx_HAL_Driver/Src/stm32l4xx_hal.o
                0x2000016c                uwTick
 .bss.Axdl372   0x20000170        0x4 ./Drivers/adxl372/adxl372.o
                0x20000170                Axdl372
 .bss.shock_cnt
                0x20000174        0x4 ./Drivers/adxl372/adxl372.o
                0x20000174                shock_cnt
 .bss.__sf      0x20000178      0x138 D:/Cube/CubeIDE/STM32CubeIDE_1.16.0/STM32CubeIDE/plugins/com.st.stm32cube.ide.mcu.externaltools.gnu-tools-for-stm32.12.3.rel1.win32_1.1.0.202410251130/tools/bin/../lib/gcc/arm-none-eabi/12.3.1/../../../../arm-none-eabi/lib/thumb/v7e-m+fp/hard\libc_nano.a(libc_a-findfp.o)
                0x20000178                __sf
 .bss.errno     0x200002b0        0x4 D:/Cube/CubeIDE/STM32CubeIDE_1.16.0/STM32CubeIDE/plugins/com.st.stm32cube.ide.mcu.externaltools.gnu-tools-for-stm32.12.3.rel1.win32_1.1.0.202410251130/tools/bin/../lib/gcc/arm-none-eabi/12.3.1/../../../../arm-none-eabi/lib/thumb/v7e-m+fp/hard\libc_nano.a(libc_a-reent.o)
                0x200002b0                errno
 .bss.__lock___malloc_recursive_mutex
                0x200002b4        0x1 D:/Cube/CubeIDE/STM32CubeIDE_1.16.0/STM32CubeIDE/plugins/com.st.stm32cube.ide.mcu.externaltools.gnu-tools-for-stm32.12.3.rel1.win32_1.1.0.202410251130/tools/bin/../lib/gcc/arm-none-eabi/12.3.1/../../../../arm-none-eabi/lib/thumb/v7e-m+fp/hard\libc_nano.a(libc_a-lock.o)
                0x200002b4                __lock___malloc_recursive_mutex
 *fill*         0x200002b5        0x3 
 .bss.__malloc_sbrk_start
                0x200002b8        0x4 D:/Cube/CubeIDE/STM32CubeIDE_1.16.0/STM32CubeIDE/plugins/com.st.stm32cube.ide.mcu.externaltools.gnu-tools-for-stm32.12.3.rel1.win32_1.1.0.202410251130/tools/bin/../lib/gcc/arm-none-eabi/12.3.1/../../../../arm-none-eabi/lib/thumb/v7e-m+fp/hard\libc_nano.a(libc_a-mallocr.o)
                0x200002b8                __malloc_sbrk_start
 .bss.__malloc_free_list
                0x200002bc        0x4 D:/Cube/CubeIDE/STM32CubeIDE_1.16.0/STM32CubeIDE/plugins/com.st.stm32cube.ide.mcu.externaltools.gnu-tools-for-stm32.12.3.rel1.win32_1.1.0.202410251130/tools/bin/../lib/gcc/arm-none-eabi/12.3.1/../../../../arm-none-eabi/lib/thumb/v7e-m+fp/hard\libc_nano.a(libc_a-mallocr.o)
                0x200002bc                __malloc_free_list
 *(COMMON)
                0x200002c0                        . = ALIGN (0x4)
                0x200002c0                        _ebss = .
                0x200002c0                        __bss_end__ = _ebss

._user_heap_stack
                0x200002c0      0x600 load address 0x0800632c
                0x200002c0                        . = ALIGN (0x8)
                [!provide]                        PROVIDE (end = .)
                0x200002c0                        PROVIDE (_end = .)
                0x200004c0                        . = (. + _Min_Heap_Size)
 *fill*         0x200002c0      0x200 
                0x200008c0                        . = (. + _Min_Stack_Size)
 *fill*         0x200004c0      0x400 
                0x200008c0                        . = ALIGN (0x8)

/DISCARD/
 libc.a(*)
 libm.a(*)
 libgcc.a(*)

.ARM.attributes
                0x00000000       0x30
 *(.ARM.attributes)
 .ARM.attributes
                0x00000000       0x22 D:/Cube/CubeIDE/STM32CubeIDE_1.16.0/STM32CubeIDE/plugins/com.st.stm32cube.ide.mcu.externaltools.gnu-tools-for-stm32.12.3.rel1.win32_1.1.0.202410251130/tools/bin/../lib/gcc/arm-none-eabi/12.3.1/thumb/v7e-m+fp/hard/crti.o
 .ARM.attributes
                0x00000022       0x34 D:/Cube/CubeIDE/STM32CubeIDE_1.16.0/STM32CubeIDE/plugins/com.st.stm32cube.ide.mcu.externaltools.gnu-tools-for-stm32.12.3.rel1.win32_1.1.0.202410251130/tools/bin/../lib/gcc/arm-none-eabi/12.3.1/thumb/v7e-m+fp/hard/crtbegin.o
 .ARM.attributes
                0x00000056       0x34 ./Core/Src/main.o
 .ARM.attributes
                0x0000008a       0x34 ./Core/Src/stm32l4xx_hal_msp.o
 .ARM.attributes
                0x000000be       0x34 ./Core/Src/stm32l4xx_it.o
 .ARM.attributes
                0x000000f2       0x34 ./Core/Src/sysmem.o
 .ARM.attributes
                0x00000126       0x34 ./Core/Src/system_stm32l4xx.o
 .ARM.attributes
                0x0000015a       0x21 ./Core/Startup/startup_stm32l496rgtx.o
 .ARM.attributes
                0x0000017b       0x34 ./Drivers/STM32L4xx_HAL_Driver/Src/stm32l4xx_hal.o
 .ARM.attributes
                0x000001af       0x34 ./Drivers/STM32L4xx_HAL_Driver/Src/stm32l4xx_hal_cortex.o
 .ARM.attributes
                0x000001e3       0x34 ./Drivers/STM32L4xx_HAL_Driver/Src/stm32l4xx_hal_dma.o
 .ARM.attributes
                0x00000217       0x34 ./Drivers/STM32L4xx_HAL_Driver/Src/stm32l4xx_hal_gpio.o
 .ARM.attributes
                0x0000024b       0x34 ./Drivers/STM32L4xx_HAL_Driver/Src/stm32l4xx_hal_pwr_ex.o
 .ARM.attributes
                0x0000027f       0x34 ./Drivers/STM32L4xx_HAL_Driver/Src/stm32l4xx_hal_rcc.o
 .ARM.attributes
                0x000002b3       0x34 ./Drivers/STM32L4xx_HAL_Driver/Src/stm32l4xx_hal_rcc_ex.o
 .ARM.attributes
                0x000002e7       0x34 ./Drivers/STM32L4xx_HAL_Driver/Src/stm32l4xx_hal_spi.o
 .ARM.attributes
                0x0000031b       0x34 ./Drivers/STM32L4xx_HAL_Driver/Src/stm32l4xx_hal_uart.o
 .ARM.attributes
                0x0000034f       0x34 ./Drivers/STM32L4xx_HAL_Driver/Src/stm32l4xx_hal_uart_ex.o
 .ARM.attributes
                0x00000383       0x34 ./Drivers/adxl372/adxl372.o
 .ARM.attributes
                0x000003b7       0x34 D:/Cube/CubeIDE/STM32CubeIDE_1.16.0/STM32CubeIDE/plugins/com.st.stm32cube.ide.mcu.externaltools.gnu-tools-for-stm32.12.3.rel1.win32_1.1.0.202410251130/tools/bin/../lib/gcc/arm-none-eabi/12.3.1/../../../../arm-none-eabi/lib/thumb/v7e-m+fp/hard\libc_nano.a(libc_a-findfp.o)
 .ARM.attributes
                0x000003eb       0x34 D:/Cube/CubeIDE/STM32CubeIDE_1.16.0/STM32CubeIDE/plugins/com.st.stm32cube.ide.mcu.externaltools.gnu-tools-for-stm32.12.3.rel1.win32_1.1.0.202410251130/tools/bin/../lib/gcc/arm-none-eabi/12.3.1/../../../../arm-none-eabi/lib/thumb/v7e-m+fp/hard\libc_nano.a(libc_a-sprintf.o)
 .ARM.attributes
                0x0000041f       0x34 D:/Cube/CubeIDE/STM32CubeIDE_1.16.0/STM32CubeIDE/plugins/com.st.stm32cube.ide.mcu.externaltools.gnu-tools-for-stm32.12.3.rel1.win32_1.1.0.202410251130/tools/bin/../lib/gcc/arm-none-eabi/12.3.1/../../../../arm-none-eabi/lib/thumb/v7e-m+fp/hard\libc_nano.a(libc_a-memset.o)
 .ARM.attributes
                0x00000453       0x34 D:/Cube/CubeIDE/STM32CubeIDE_1.16.0/STM32CubeIDE/plugins/com.st.stm32cube.ide.mcu.externaltools.gnu-tools-for-stm32.12.3.rel1.win32_1.1.0.202410251130/tools/bin/../lib/gcc/arm-none-eabi/12.3.1/../../../../arm-none-eabi/lib/thumb/v7e-m+fp/hard\libc_nano.a(libc_a-reent.o)
 .ARM.attributes
                0x00000487       0x34 D:/Cube/CubeIDE/STM32CubeIDE_1.16.0/STM32CubeIDE/plugins/com.st.stm32cube.ide.mcu.externaltools.gnu-tools-for-stm32.12.3.rel1.win32_1.1.0.202410251130/tools/bin/../lib/gcc/arm-none-eabi/12.3.1/../../../../arm-none-eabi/lib/thumb/v7e-m+fp/hard\libc_nano.a(libc_a-impure.o)
 .ARM.attributes
                0x000004bb       0x34 D:/Cube/CubeIDE/STM32CubeIDE_1.16.0/STM32CubeIDE/plugins/com.st.stm32cube.ide.mcu.externaltools.gnu-tools-for-stm32.12.3.rel1.win32_1.1.0.202410251130/tools/bin/../lib/gcc/arm-none-eabi/12.3.1/../../../../arm-none-eabi/lib/thumb/v7e-m+fp/hard\libc_nano.a(libc_a-errno.o)
 .ARM.attributes
                0x000004ef       0x34 D:/Cube/CubeIDE/STM32CubeIDE_1.16.0/STM32CubeIDE/plugins/com.st.stm32cube.ide.mcu.externaltools.gnu-tools-for-stm32.12.3.rel1.win32_1.1.0.202410251130/tools/bin/../lib/gcc/arm-none-eabi/12.3.1/../../../../arm-none-eabi/lib/thumb/v7e-m+fp/hard\libc_nano.a(libc_a-init.o)
 .ARM.attributes
                0x00000523       0x34 D:/Cube/CubeIDE/STM32CubeIDE_1.16.0/STM32CubeIDE/plugins/com.st.stm32cube.ide.mcu.externaltools.gnu-tools-for-stm32.12.3.rel1.win32_1.1.0.202410251130/tools/bin/../lib/gcc/arm-none-eabi/12.3.1/../../../../arm-none-eabi/lib/thumb/v7e-m+fp/hard\libc_nano.a(libc_a-lock.o)
 .ARM.attributes
                0x00000557       0x17 D:/Cube/CubeIDE/STM32CubeIDE_1.16.0/STM32CubeIDE/plugins/com.st.stm32cube.ide.mcu.externaltools.gnu-tools-for-stm32.12.3.rel1.win32_1.1.0.202410251130/tools/bin/../lib/gcc/arm-none-eabi/12.3.1/../../../../arm-none-eabi/lib/thumb/v7e-m+fp/hard\libc_nano.a(libc_a-strlen.o)
 .ARM.attributes
                0x0000056e       0x34 D:/Cube/CubeIDE/STM32CubeIDE_1.16.0/STM32CubeIDE/plugins/com.st.stm32cube.ide.mcu.externaltools.gnu-tools-for-stm32.12.3.rel1.win32_1.1.0.202410251130/tools/bin/../lib/gcc/arm-none-eabi/12.3.1/../../../../arm-none-eabi/lib/thumb/v7e-m+fp/hard\libc_nano.a(libc_a-freer.o)
 .ARM.attributes
                0x000005a2       0x34 D:/Cube/CubeIDE/STM32CubeIDE_1.16.0/STM32CubeIDE/plugins/com.st.stm32cube.ide.mcu.externaltools.gnu-tools-for-stm32.12.3.rel1.win32_1.1.0.202410251130/tools/bin/../lib/gcc/arm-none-eabi/12.3.1/../../../../arm-none-eabi/lib/thumb/v7e-m+fp/hard\libc_nano.a(libc_a-mallocr.o)
 .ARM.attributes
                0x000005d6       0x34 D:/Cube/CubeIDE/STM32CubeIDE_1.16.0/STM32CubeIDE/plugins/com.st.stm32cube.ide.mcu.externaltools.gnu-tools-for-stm32.12.3.rel1.win32_1.1.0.202410251130/tools/bin/../lib/gcc/arm-none-eabi/12.3.1/../../../../arm-none-eabi/lib/thumb/v7e-m+fp/hard\libc_nano.a(libc_a-mlock.o)
 .ARM.attributes
                0x0000060a       0x34 D:/Cube/CubeIDE/STM32CubeIDE_1.16.0/STM32CubeIDE/plugins/com.st.stm32cube.ide.mcu.externaltools.gnu-tools-for-stm32.12.3.rel1.win32_1.1.0.202410251130/tools/bin/../lib/gcc/arm-none-eabi/12.3.1/../../../../arm-none-eabi/lib/thumb/v7e-m+fp/hard\libc_nano.a(libc_a-nano-svfprintf.o)
 .ARM.attributes
                0x0000063e       0x34 D:/Cube/CubeIDE/STM32CubeIDE_1.16.0/STM32CubeIDE/plugins/com.st.stm32cube.ide.mcu.externaltools.gnu-tools-for-stm32.12.3.rel1.win32_1.1.0.202410251130/tools/bin/../lib/gcc/arm-none-eabi/12.3.1/../../../../arm-none-eabi/lib/thumb/v7e-m+fp/hard\libc_nano.a(libc_a-nano-vfprintf_i.o)
 .ARM.attributes
                0x00000672       0x34 D:/Cube/CubeIDE/STM32CubeIDE_1.16.0/STM32CubeIDE/plugins/com.st.stm32cube.ide.mcu.externaltools.gnu-tools-for-stm32.12.3.rel1.win32_1.1.0.202410251130/tools/bin/../lib/gcc/arm-none-eabi/12.3.1/../../../../arm-none-eabi/lib/thumb/v7e-m+fp/hard\libc_nano.a(libc_a-memmove.o)
 .ARM.attributes
                0x000006a6       0x34 D:/Cube/CubeIDE/STM32CubeIDE_1.16.0/STM32CubeIDE/plugins/com.st.stm32cube.ide.mcu.externaltools.gnu-tools-for-stm32.12.3.rel1.win32_1.1.0.202410251130/tools/bin/../lib/gcc/arm-none-eabi/12.3.1/../../../../arm-none-eabi/lib/thumb/v7e-m+fp/hard\libc_nano.a(libc_a-sbrkr.o)
 .ARM.attributes
                0x000006da       0x1c D:/Cube/CubeIDE/STM32CubeIDE_1.16.0/STM32CubeIDE/plugins/com.st.stm32cube.ide.mcu.externaltools.gnu-tools-for-stm32.12.3.rel1.win32_1.1.0.202410251130/tools/bin/../lib/gcc/arm-none-eabi/12.3.1/../../../../arm-none-eabi/lib/thumb/v7e-m+fp/hard\libc_nano.a(libc_a-memchr.o)
 .ARM.attributes
                0x000006f6       0x34 D:/Cube/CubeIDE/STM32CubeIDE_1.16.0/STM32CubeIDE/plugins/com.st.stm32cube.ide.mcu.externaltools.gnu-tools-for-stm32.12.3.rel1.win32_1.1.0.202410251130/tools/bin/../lib/gcc/arm-none-eabi/12.3.1/../../../../arm-none-eabi/lib/thumb/v7e-m+fp/hard\libc_nano.a(libc_a-memcpy-stub.o)
 .ARM.attributes
                0x0000072a       0x34 D:/Cube/CubeIDE/STM32CubeIDE_1.16.0/STM32CubeIDE/plugins/com.st.stm32cube.ide.mcu.externaltools.gnu-tools-for-stm32.12.3.rel1.win32_1.1.0.202410251130/tools/bin/../lib/gcc/arm-none-eabi/12.3.1/../../../../arm-none-eabi/lib/thumb/v7e-m+fp/hard\libc_nano.a(libc_a-reallocr.o)
 .ARM.attributes
                0x0000075e       0x34 D:/Cube/CubeIDE/STM32CubeIDE_1.16.0/STM32CubeIDE/plugins/com.st.stm32cube.ide.mcu.externaltools.gnu-tools-for-stm32.12.3.rel1.win32_1.1.0.202410251130/tools/bin/../lib/gcc/arm-none-eabi/12.3.1/../../../../arm-none-eabi/lib/thumb/v7e-m+fp/hard\libc_nano.a(libc_a-msizer.o)
 .ARM.attributes
                0x00000792       0x22 D:/Cube/CubeIDE/STM32CubeIDE_1.16.0/STM32CubeIDE/plugins/com.st.stm32cube.ide.mcu.externaltools.gnu-tools-for-stm32.12.3.rel1.win32_1.1.0.202410251130/tools/bin/../lib/gcc/arm-none-eabi/12.3.1/thumb/v7e-m+fp/hard\libgcc.a(_aeabi_uldivmod.o)
 .ARM.attributes
                0x000007b4       0x34 D:/Cube/CubeIDE/STM32CubeIDE_1.16.0/STM32CubeIDE/plugins/com.st.stm32cube.ide.mcu.externaltools.gnu-tools-for-stm32.12.3.rel1.win32_1.1.0.202410251130/tools/bin/../lib/gcc/arm-none-eabi/12.3.1/thumb/v7e-m+fp/hard\libgcc.a(_udivmoddi4.o)
 .ARM.attributes
                0x000007e8       0x22 D:/Cube/CubeIDE/STM32CubeIDE_1.16.0/STM32CubeIDE/plugins/com.st.stm32cube.ide.mcu.externaltools.gnu-tools-for-stm32.12.3.rel1.win32_1.1.0.202410251130/tools/bin/../lib/gcc/arm-none-eabi/12.3.1/thumb/v7e-m+fp/hard\libgcc.a(_dvmd_tls.o)
 .ARM.attributes
                0x0000080a       0x22 D:/Cube/CubeIDE/STM32CubeIDE_1.16.0/STM32CubeIDE/plugins/com.st.stm32cube.ide.mcu.externaltools.gnu-tools-for-stm32.12.3.rel1.win32_1.1.0.202410251130/tools/bin/../lib/gcc/arm-none-eabi/12.3.1/thumb/v7e-m+fp/hard/crtn.o
OUTPUT(mcu2.elf elf32-littlearm)
LOAD linker stubs
LOAD D:/Cube/CubeIDE/STM32CubeIDE_1.16.0/STM32CubeIDE/plugins/com.st.stm32cube.ide.mcu.externaltools.gnu-tools-for-stm32.12.3.rel1.win32_1.1.0.202410251130/tools/bin/../lib/gcc/arm-none-eabi/12.3.1/../../../../arm-none-eabi/lib/thumb/v7e-m+fp/hard\libc.a
LOAD D:/Cube/CubeIDE/STM32CubeIDE_1.16.0/STM32CubeIDE/plugins/com.st.stm32cube.ide.mcu.externaltools.gnu-tools-for-stm32.12.3.rel1.win32_1.1.0.202410251130/tools/bin/../lib/gcc/arm-none-eabi/12.3.1/../../../../arm-none-eabi/lib/thumb/v7e-m+fp/hard\libm.a
LOAD D:/Cube/CubeIDE/STM32CubeIDE_1.16.0/STM32CubeIDE/plugins/com.st.stm32cube.ide.mcu.externaltools.gnu-tools-for-stm32.12.3.rel1.win32_1.1.0.202410251130/tools/bin/../lib/gcc/arm-none-eabi/12.3.1/thumb/v7e-m+fp/hard\libgcc.a

.debug_info     0x00000000     0xf1b4
 .debug_info    0x00000000     0x1183 ./Core/Src/main.o
 .debug_info    0x00001183     0x1300 ./Core/Src/stm32l4xx_hal_msp.o
 .debug_info    0x00002483      0x734 ./Core/Src/stm32l4xx_it.o
 .debug_info    0x00002bb7      0x168 ./Core/Src/sysmem.o
 .debug_info    0x00002d1f      0x5cd ./Core/Src/system_stm32l4xx.o
 .debug_info    0x000032ec       0x30 ./Core/Startup/startup_stm32l496rgtx.o
 .debug_info    0x0000331c      0xb4b ./Drivers/STM32L4xx_HAL_Driver/Src/stm32l4xx_hal.o
 .debug_info    0x00003e67      0xdb7 ./Drivers/STM32L4xx_HAL_Driver/Src/stm32l4xx_hal_cortex.o
 .debug_info    0x00004c1e      0x6f4 ./Drivers/STM32L4xx_HAL_Driver/Src/stm32l4xx_hal_dma.o
 .debug_info    0x00005312      0x76f ./Drivers/STM32L4xx_HAL_Driver/Src/stm32l4xx_hal_gpio.o
 .debug_info    0x00005a81      0x996 ./Drivers/STM32L4xx_HAL_Driver/Src/stm32l4xx_hal_pwr_ex.o
 .debug_info    0x00006417      0xc3b ./Drivers/STM32L4xx_HAL_Driver/Src/stm32l4xx_hal_rcc.o
 .debug_info    0x00007052     0x10c1 ./Drivers/STM32L4xx_HAL_Driver/Src/stm32l4xx_hal_rcc_ex.o
 .debug_info    0x00008113     0x1549 ./Drivers/STM32L4xx_HAL_Driver/Src/stm32l4xx_hal_spi.o
 .debug_info    0x0000965c     0x3b85 ./Drivers/STM32L4xx_HAL_Driver/Src/stm32l4xx_hal_uart.o
 .debug_info    0x0000d1e1      0xdff ./Drivers/STM32L4xx_HAL_Driver/Src/stm32l4xx_hal_uart_ex.o
 .debug_info    0x0000dfe0     0x11d4 ./Drivers/adxl372/adxl372.o

.debug_abbrev   0x00000000     0x235d
 .debug_abbrev  0x00000000      0x2c1 ./Core/Src/main.o
 .debug_abbrev  0x000002c1      0x1d9 ./Core/Src/stm32l4xx_hal_msp.o
 .debug_abbrev  0x0000049a      0x172 ./Core/Src/stm32l4xx_it.o
 .debug_abbrev  0x0000060c       0xbc ./Core/Src/sysmem.o
 .debug_abbrev  0x000006c8      0x11a ./Core/Src/system_stm32l4xx.o
 .debug_abbrev  0x000007e2       0x24 ./Core/Startup/startup_stm32l496rgtx.o
 .debug_abbrev  0x00000806      0x242 ./Drivers/STM32L4xx_HAL_Driver/Src/stm32l4xx_hal.o
 .debug_abbrev  0x00000a48      0x31c ./Drivers/STM32L4xx_HAL_Driver/Src/stm32l4xx_hal_cortex.o
 .debug_abbrev  0x00000d64      0x1e4 ./Drivers/STM32L4xx_HAL_Driver/Src/stm32l4xx_hal_dma.o
 .debug_abbrev  0x00000f48      0x1cb ./Drivers/STM32L4xx_HAL_Driver/Src/stm32l4xx_hal_gpio.o
 .debug_abbrev  0x00001113      0x1f9 ./Drivers/STM32L4xx_HAL_Driver/Src/stm32l4xx_hal_pwr_ex.o
 .debug_abbrev  0x0000130c      0x2cb ./Drivers/STM32L4xx_HAL_Driver/Src/stm32l4xx_hal_rcc.o
 .debug_abbrev  0x000015d7      0x2a3 ./Drivers/STM32L4xx_HAL_Driver/Src/stm32l4xx_hal_rcc_ex.o
 .debug_abbrev  0x0000187a      0x260 ./Drivers/STM32L4xx_HAL_Driver/Src/stm32l4xx_hal_spi.o
 .debug_abbrev  0x00001ada      0x2d0 ./Drivers/STM32L4xx_HAL_Driver/Src/stm32l4xx_hal_uart.o
 .debug_abbrev  0x00001daa      0x2be ./Drivers/STM32L4xx_HAL_Driver/Src/stm32l4xx_hal_uart_ex.o
 .debug_abbrev  0x00002068      0x2f5 ./Drivers/adxl372/adxl372.o

.debug_aranges  0x00000000      0xd38
 .debug_aranges
                0x00000000       0x50 ./Core/Src/main.o
 .debug_aranges
                0x00000050       0x40 ./Core/Src/stm32l4xx_hal_msp.o
 .debug_aranges
                0x00000090       0x68 ./Core/Src/stm32l4xx_it.o
 .debug_aranges
                0x000000f8       0x20 ./Core/Src/sysmem.o
 .debug_aranges
                0x00000118       0x28 ./Core/Src/system_stm32l4xx.o
 .debug_aranges
                0x00000140       0x28 ./Core/Startup/startup_stm32l496rgtx.o
 .debug_aranges
                0x00000168      0x130 ./Drivers/STM32L4xx_HAL_Driver/Src/stm32l4xx_hal.o
 .debug_aranges
                0x00000298      0x128 ./Drivers/STM32L4xx_HAL_Driver/Src/stm32l4xx_hal_cortex.o
 .debug_aranges
                0x000003c0       0x80 ./Drivers/STM32L4xx_HAL_Driver/Src/stm32l4xx_hal_dma.o
 .debug_aranges
                0x00000440       0x58 ./Drivers/STM32L4xx_HAL_Driver/Src/stm32l4xx_hal_gpio.o
 .debug_aranges
                0x00000498      0x150 ./Drivers/STM32L4xx_HAL_Driver/Src/stm32l4xx_hal_pwr_ex.o
 .debug_aranges
                0x000005e8       0x90 ./Drivers/STM32L4xx_HAL_Driver/Src/stm32l4xx_hal_rcc.o
 .debug_aranges
                0x00000678      0x108 ./Drivers/STM32L4xx_HAL_Driver/Src/stm32l4xx_hal_rcc_ex.o
 .debug_aranges
                0x00000780      0x1d8 ./Drivers/STM32L4xx_HAL_Driver/Src/stm32l4xx_hal_spi.o
 .debug_aranges
                0x00000958      0x228 ./Drivers/STM32L4xx_HAL_Driver/Src/stm32l4xx_hal_uart.o
 .debug_aranges
                0x00000b80       0x80 ./Drivers/STM32L4xx_HAL_Driver/Src/stm32l4xx_hal_uart_ex.o
 .debug_aranges
                0x00000c00      0x138 ./Drivers/adxl372/adxl372.o

.debug_rnglists
                0x00000000      0xa2b
 .debug_rnglists
                0x00000000       0x3a ./Core/Src/main.o
 .debug_rnglists
                0x0000003a       0x2d ./Core/Src/stm32l4xx_hal_msp.o
 .debug_rnglists
                0x00000067       0x49 ./Core/Src/stm32l4xx_it.o
 .debug_rnglists
                0x000000b0       0x13 ./Core/Src/sysmem.o
 .debug_rnglists
                0x000000c3       0x1a ./Core/Src/system_stm32l4xx.o
 .debug_rnglists
                0x000000dd       0x19 ./Core/Startup/startup_stm32l496rgtx.o
 .debug_rnglists
                0x000000f6       0xdf ./Drivers/STM32L4xx_HAL_Driver/Src/stm32l4xx_hal.o
 .debug_rnglists
                0x000001d5       0xda ./Drivers/STM32L4xx_HAL_Driver/Src/stm32l4xx_hal_cortex.o
 .debug_rnglists
                0x000002af       0x64 ./Drivers/STM32L4xx_HAL_Driver/Src/stm32l4xx_hal_dma.o
 .debug_rnglists
                0x00000313       0x3f ./Drivers/STM32L4xx_HAL_Driver/Src/stm32l4xx_hal_gpio.o
 .debug_rnglists
                0x00000352       0xfd ./Drivers/STM32L4xx_HAL_Driver/Src/stm32l4xx_hal_pwr_ex.o
 .debug_rnglists
                0x0000044f       0x6d ./Drivers/STM32L4xx_HAL_Driver/Src/stm32l4xx_hal_rcc.o
 .debug_rnglists
                0x000004bc       0xce ./Drivers/STM32L4xx_HAL_Driver/Src/stm32l4xx_hal_rcc_ex.o
 .debug_rnglists
                0x0000058a      0x178 ./Drivers/STM32L4xx_HAL_Driver/Src/stm32l4xx_hal_spi.o
 .debug_rnglists
                0x00000702      0x1db ./Drivers/STM32L4xx_HAL_Driver/Src/stm32l4xx_hal_uart.o
 .debug_rnglists
                0x000008dd       0x60 ./Drivers/STM32L4xx_HAL_Driver/Src/stm32l4xx_hal_uart_ex.o
 .debug_rnglists
                0x0000093d       0xee ./Drivers/adxl372/adxl372.o

.debug_macro    0x00000000    0x291ba
 .debug_macro   0x00000000      0x2f9 ./Core/Src/main.o
 .debug_macro   0x000002f9      0xab4 ./Core/Src/main.o
 .debug_macro   0x00000dad      0x1a7 ./Core/Src/main.o
 .debug_macro   0x00000f54       0x2e ./Core/Src/main.o
 .debug_macro   0x00000f82       0x28 ./Core/Src/main.o
 .debug_macro   0x00000faa       0x22 ./Core/Src/main.o
 .debug_macro   0x00000fcc       0x8e ./Core/Src/main.o
 .debug_macro   0x0000105a       0x51 ./Core/Src/main.o
 .debug_macro   0x000010ab      0x103 ./Core/Src/main.o
 .debug_macro   0x000011ae       0x6a ./Core/Src/main.o
 .debug_macro   0x00001218      0x1df ./Core/Src/main.o
 .debug_macro   0x000013f7       0x1c ./Core/Src/main.o
 .debug_macro   0x00001413       0x22 ./Core/Src/main.o
 .debug_macro   0x00001435       0xfb ./Core/Src/main.o
 .debug_macro   0x00001530     0x1011 ./Core/Src/main.o
 .debug_macro   0x00002541      0x11f ./Core/Src/main.o
 .debug_macro   0x00002660    0x1c1e2 ./Core/Src/main.o
 .debug_macro   0x0001e842       0x6d ./Core/Src/main.o
 .debug_macro   0x0001e8af     0x38fb ./Core/Src/main.o
 .debug_macro   0x000221aa      0x189 ./Core/Src/main.o
 .debug_macro   0x00022333       0x5c ./Core/Src/main.o
 .debug_macro   0x0002238f     0x187d ./Core/Src/main.o
 .debug_macro   0x00023c0c      0x773 ./Core/Src/main.o
 .debug_macro   0x0002437f      0x1b9 ./Core/Src/main.o
 .debug_macro   0x00024538      0x202 ./Core/Src/main.o
 .debug_macro   0x0002473a      0x26b ./Core/Src/main.o
 .debug_macro   0x000249a5      0x23d ./Core/Src/main.o
 .debug_macro   0x00024be2      0x241 ./Core/Src/main.o
 .debug_macro   0x00024e23      0x3ad ./Core/Src/main.o
 .debug_macro   0x000251d0       0xe4 ./Core/Src/main.o
 .debug_macro   0x000252b4      0x122 ./Core/Src/main.o
 .debug_macro   0x000253d6      0x3ef ./Core/Src/main.o
 .debug_macro   0x000257c5      0x2fe ./Core/Src/main.o
 .debug_macro   0x00025ac3      0x5cf ./Core/Src/main.o
 .debug_macro   0x00026092       0x44 ./Core/Src/main.o
 .debug_macro   0x000260d6      0x433 ./Core/Src/main.o
 .debug_macro   0x00026509       0x61 ./Core/Src/main.o
 .debug_macro   0x0002656a       0x2a ./Core/Src/main.o
 .debug_macro   0x00026594       0x43 ./Core/Src/main.o
 .debug_macro   0x000265d7       0x34 ./Core/Src/main.o
 .debug_macro   0x0002660b       0x16 ./Core/Src/main.o
 .debug_macro   0x00026621       0x35 ./Core/Src/main.o
 .debug_macro   0x00026656      0x369 ./Core/Src/main.o
 .debug_macro   0x000269bf       0x10 ./Core/Src/main.o
 .debug_macro   0x000269cf       0x16 ./Core/Src/main.o
 .debug_macro   0x000269e5       0x43 ./Core/Src/main.o
 .debug_macro   0x00026a28       0x34 ./Core/Src/main.o
 .debug_macro   0x00026a5c       0x10 ./Core/Src/main.o
 .debug_macro   0x00026a6c       0x58 ./Core/Src/main.o
 .debug_macro   0x00026ac4       0x8e ./Core/Src/main.o
 .debug_macro   0x00026b52       0x1c ./Core/Src/main.o
 .debug_macro   0x00026b6e      0x177 ./Core/Src/main.o
 .debug_macro   0x00026ce5       0x16 ./Core/Src/main.o
 .debug_macro   0x00026cfb       0x16 ./Core/Src/main.o
 .debug_macro   0x00026d11      0x146 ./Core/Src/main.o
 .debug_macro   0x00026e57       0x22 ./Core/Src/main.o
 .debug_macro   0x00026e79       0x16 ./Core/Src/main.o
 .debug_macro   0x00026e8f       0x20 ./Core/Src/main.o
 .debug_macro   0x00026eaf      0x24b ./Core/Src/main.o
 .debug_macro   0x000270fa       0x1c ./Core/Src/main.o
 .debug_macro   0x00027116      0x2f4 ./Core/Src/stm32l4xx_hal_msp.o
 .debug_macro   0x0002740a      0x2fe ./Core/Src/stm32l4xx_it.o
 .debug_macro   0x00027708       0xff ./Core/Src/sysmem.o
 .debug_macro   0x00027807      0x23c ./Core/Src/sysmem.o
 .debug_macro   0x00027a43      0x1c1 ./Core/Src/system_stm32l4xx.o
 .debug_macro   0x00027c04      0x20f ./Drivers/STM32L4xx_HAL_Driver/Src/stm32l4xx_hal.o
 .debug_macro   0x00027e13      0x1c1 ./Drivers/STM32L4xx_HAL_Driver/Src/stm32l4xx_hal_cortex.o
 .debug_macro   0x00027fd4      0x1c1 ./Drivers/STM32L4xx_HAL_Driver/Src/stm32l4xx_hal_dma.o
 .debug_macro   0x00028195      0x1c8 ./Drivers/STM32L4xx_HAL_Driver/Src/stm32l4xx_hal_gpio.o
 .debug_macro   0x0002835d      0x1eb ./Drivers/STM32L4xx_HAL_Driver/Src/stm32l4xx_hal_pwr_ex.o
 .debug_macro   0x00028548      0x203 ./Drivers/STM32L4xx_HAL_Driver/Src/stm32l4xx_hal_rcc.o
 .debug_macro   0x0002874b      0x1f7 ./Drivers/STM32L4xx_HAL_Driver/Src/stm32l4xx_hal_rcc_ex.o
 .debug_macro   0x00028942      0x1c9 ./Drivers/STM32L4xx_HAL_Driver/Src/stm32l4xx_hal_spi.o
 .debug_macro   0x00028b0b      0x1ec ./Drivers/STM32L4xx_HAL_Driver/Src/stm32l4xx_hal_uart.o
 .debug_macro   0x00028cf7      0x1c1 ./Drivers/STM32L4xx_HAL_Driver/Src/stm32l4xx_hal_uart_ex.o
 .debug_macro   0x00028eb8      0x302 ./Drivers/adxl372/adxl372.o

.debug_line     0x00000000    0x103c8
 .debug_line    0x00000000      0xb98 ./Core/Src/main.o
 .debug_line    0x00000b98      0xab4 ./Core/Src/stm32l4xx_hal_msp.o
 .debug_line    0x0000164c      0xae0 ./Core/Src/stm32l4xx_it.o
 .debug_line    0x0000212c      0x666 ./Core/Src/sysmem.o
 .debug_line    0x00002792      0x7da ./Core/Src/system_stm32l4xx.o
 .debug_line    0x00002f6c       0x7a ./Core/Startup/startup_stm32l496rgtx.o
 .debug_line    0x00002fe6      0xb35 ./Drivers/STM32L4xx_HAL_Driver/Src/stm32l4xx_hal.o
 .debug_line    0x00003b1b      0xcfe ./Drivers/STM32L4xx_HAL_Driver/Src/stm32l4xx_hal_cortex.o
 .debug_line    0x00004819      0xd3a ./Drivers/STM32L4xx_HAL_Driver/Src/stm32l4xx_hal_dma.o
 .debug_line    0x00005553      0xba9 ./Drivers/STM32L4xx_HAL_Driver/Src/stm32l4xx_hal_gpio.o
 .debug_line    0x000060fc      0xd01 ./Drivers/STM32L4xx_HAL_Driver/Src/stm32l4xx_hal_pwr_ex.o
 .debug_line    0x00006dfd      0xff6 ./Drivers/STM32L4xx_HAL_Driver/Src/stm32l4xx_hal_rcc.o
 .debug_line    0x00007df3     0x1773 ./Drivers/STM32L4xx_HAL_Driver/Src/stm32l4xx_hal_rcc_ex.o
 .debug_line    0x00009566     0x200b ./Drivers/STM32L4xx_HAL_Driver/Src/stm32l4xx_hal_spi.o
 .debug_line    0x0000b571     0x3247 ./Drivers/STM32L4xx_HAL_Driver/Src/stm32l4xx_hal_uart.o
 .debug_line    0x0000e7b8      0xc3b ./Drivers/STM32L4xx_HAL_Driver/Src/stm32l4xx_hal_uart_ex.o
 .debug_line    0x0000f3f3      0xfd5 ./Drivers/adxl372/adxl372.o

.debug_str      0x00000000    0xf9352
 .debug_str     0x00000000    0xf52a3 ./Core/Src/main.o
                              0xf55fc (size before relaxing)
 .debug_str     0x000f52a3      0x7ef ./Core/Src/stm32l4xx_hal_msp.o
                              0xf5bce (size before relaxing)
 .debug_str     0x000f5a92       0xef ./Core/Src/stm32l4xx_it.o
                              0xf5064 (size before relaxing)
 .debug_str     0x000f5b81      0x4dc ./Core/Src/sysmem.o
                               0x60bb (size before relaxing)
 .debug_str     0x000f605d       0xf2 ./Core/Src/system_stm32l4xx.o
                              0xf0bce (size before relaxing)
 .debug_str     0x000f614f       0x44 ./Core/Startup/startup_stm32l496rgtx.o
                                 0x6e (size before relaxing)
 .debug_str     0x000f6193      0x63c ./Drivers/STM32L4xx_HAL_Driver/Src/stm32l4xx_hal.o
                              0xf17d6 (size before relaxing)
 .debug_str     0x000f67cf      0x355 ./Drivers/STM32L4xx_HAL_Driver/Src/stm32l4xx_hal_cortex.o
                              0xf14a9 (size before relaxing)
 .debug_str     0x000f6b24      0x258 ./Drivers/STM32L4xx_HAL_Driver/Src/stm32l4xx_hal_dma.o
                              0xf0e2b (size before relaxing)
 .debug_str     0x000f6d7c      0x110 ./Drivers/STM32L4xx_HAL_Driver/Src/stm32l4xx_hal_gpio.o
                              0xf0d48 (size before relaxing)
 .debug_str     0x000f6e8c      0x4e4 ./Drivers/STM32L4xx_HAL_Driver/Src/stm32l4xx_hal_pwr_ex.o
                              0xf111d (size before relaxing)
 .debug_str     0x000f7370      0x3ac ./Drivers/STM32L4xx_HAL_Driver/Src/stm32l4xx_hal_rcc.o
                              0xf121b (size before relaxing)
 .debug_str     0x000f771c      0x59a ./Drivers/STM32L4xx_HAL_Driver/Src/stm32l4xx_hal_rcc_ex.o
                              0xf15b6 (size before relaxing)
 .debug_str     0x000f7cb6      0x582 ./Drivers/STM32L4xx_HAL_Driver/Src/stm32l4xx_hal_spi.o
                              0xf13dc (size before relaxing)
 .debug_str     0x000f8238      0x848 ./Drivers/STM32L4xx_HAL_Driver/Src/stm32l4xx_hal_uart.o
                              0xf1926 (size before relaxing)
 .debug_str     0x000f8a80      0x1f7 ./Drivers/STM32L4xx_HAL_Driver/Src/stm32l4xx_hal_uart_ex.o
                              0xf1145 (size before relaxing)
 .debug_str     0x000f8c77      0x6db ./Drivers/adxl372/adxl372.o
                              0xf573d (size before relaxing)

.comment        0x00000000       0x43
 .comment       0x00000000       0x43 ./Core/Src/main.o
                                 0x44 (size before relaxing)
 .comment       0x00000043       0x44 ./Core/Src/stm32l4xx_hal_msp.o
 .comment       0x00000043       0x44 ./Core/Src/stm32l4xx_it.o
 .comment       0x00000043       0x44 ./Core/Src/sysmem.o
 .comment       0x00000043       0x44 ./Core/Src/system_stm32l4xx.o
 .comment       0x00000043       0x44 ./Drivers/STM32L4xx_HAL_Driver/Src/stm32l4xx_hal.o
 .comment       0x00000043       0x44 ./Drivers/STM32L4xx_HAL_Driver/Src/stm32l4xx_hal_cortex.o
 .comment       0x00000043       0x44 ./Drivers/STM32L4xx_HAL_Driver/Src/stm32l4xx_hal_dma.o
 .comment       0x00000043       0x44 ./Drivers/STM32L4xx_HAL_Driver/Src/stm32l4xx_hal_gpio.o
 .comment       0x00000043       0x44 ./Drivers/STM32L4xx_HAL_Driver/Src/stm32l4xx_hal_pwr_ex.o
 .comment       0x00000043       0x44 ./Drivers/STM32L4xx_HAL_Driver/Src/stm32l4xx_hal_rcc.o
 .comment       0x00000043       0x44 ./Drivers/STM32L4xx_HAL_Driver/Src/stm32l4xx_hal_rcc_ex.o
 .comment       0x00000043       0x44 ./Drivers/STM32L4xx_HAL_Driver/Src/stm32l4xx_hal_spi.o
 .comment       0x00000043       0x44 ./Drivers/STM32L4xx_HAL_Driver/Src/stm32l4xx_hal_uart.o
 .comment       0x00000043       0x44 ./Drivers/STM32L4xx_HAL_Driver/Src/stm32l4xx_hal_uart_ex.o
 .comment       0x00000043       0x44 ./Drivers/adxl372/adxl372.o

.debug_frame    0x00000000     0x3b3c
 .debug_frame   0x00000000       0xf8 ./Core/Src/main.o
 .debug_frame   0x000000f8       0xcc ./Core/Src/stm32l4xx_hal_msp.o
 .debug_frame   0x000001c4      0x120 ./Core/Src/stm32l4xx_it.o
 .debug_frame   0x000002e4       0x34 ./Core/Src/sysmem.o
 .debug_frame   0x00000318       0x58 ./Core/Src/system_stm32l4xx.o
 .debug_frame   0x00000370      0x498 ./Drivers/STM32L4xx_HAL_Driver/Src/stm32l4xx_hal.o
 .debug_frame   0x00000808      0x4e8 ./Drivers/STM32L4xx_HAL_Driver/Src/stm32l4xx_hal_cortex.o
 .debug_frame   0x00000cf0      0x204 ./Drivers/STM32L4xx_HAL_Driver/Src/stm32l4xx_hal_dma.o
 .debug_frame   0x00000ef4      0x14c ./Drivers/STM32L4xx_HAL_Driver/Src/stm32l4xx_hal_gpio.o
 .debug_frame   0x00001040      0x544 ./Drivers/STM32L4xx_HAL_Driver/Src/stm32l4xx_hal_pwr_ex.o
 .debug_frame   0x00001584      0x21c ./Drivers/STM32L4xx_HAL_Driver/Src/stm32l4xx_hal_rcc.o
 .debug_frame   0x000017a0      0x43c ./Drivers/STM32L4xx_HAL_Driver/Src/stm32l4xx_hal_rcc_ex.o
 .debug_frame   0x00001bdc      0x860 ./Drivers/STM32L4xx_HAL_Driver/Src/stm32l4xx_hal_spi.o
 .debug_frame   0x0000243c      0x9f4 ./Drivers/STM32L4xx_HAL_Driver/Src/stm32l4xx_hal_uart.o
 .debug_frame   0x00002e30      0x204 ./Drivers/STM32L4xx_HAL_Driver/Src/stm32l4xx_hal_uart_ex.o
 .debug_frame   0x00003034      0x524 ./Drivers/adxl372/adxl372.o
 .debug_frame   0x00003558      0x144 D:/Cube/CubeIDE/STM32CubeIDE_1.16.0/STM32CubeIDE/plugins/com.st.stm32cube.ide.mcu.externaltools.gnu-tools-for-stm32.12.3.rel1.win32_1.1.0.202410251130/tools/bin/../lib/gcc/arm-none-eabi/12.3.1/../../../../arm-none-eabi/lib/thumb/v7e-m+fp/hard\libc_nano.a(libc_a-findfp.o)
 .debug_frame   0x0000369c       0x6c D:/Cube/CubeIDE/STM32CubeIDE_1.16.0/STM32CubeIDE/plugins/com.st.stm32cube.ide.mcu.externaltools.gnu-tools-for-stm32.12.3.rel1.win32_1.1.0.202410251130/tools/bin/../lib/gcc/arm-none-eabi/12.3.1/../../../../arm-none-eabi/lib/thumb/v7e-m+fp/hard\libc_nano.a(libc_a-sprintf.o)
 .debug_frame   0x00003708       0x20 D:/Cube/CubeIDE/STM32CubeIDE_1.16.0/STM32CubeIDE/plugins/com.st.stm32cube.ide.mcu.externaltools.gnu-tools-for-stm32.12.3.rel1.win32_1.1.0.202410251130/tools/bin/../lib/gcc/arm-none-eabi/12.3.1/../../../../arm-none-eabi/lib/thumb/v7e-m+fp/hard\libc_nano.a(libc_a-memset.o)
 .debug_frame   0x00003728       0x38 D:/Cube/CubeIDE/STM32CubeIDE_1.16.0/STM32CubeIDE/plugins/com.st.stm32cube.ide.mcu.externaltools.gnu-tools-for-stm32.12.3.rel1.win32_1.1.0.202410251130/tools/bin/../lib/gcc/arm-none-eabi/12.3.1/../../../../arm-none-eabi/lib/thumb/v7e-m+fp/hard\libc_nano.a(libc_a-reent.o)
 .debug_frame   0x00003760       0x20 D:/Cube/CubeIDE/STM32CubeIDE_1.16.0/STM32CubeIDE/plugins/com.st.stm32cube.ide.mcu.externaltools.gnu-tools-for-stm32.12.3.rel1.win32_1.1.0.202410251130/tools/bin/../lib/gcc/arm-none-eabi/12.3.1/../../../../arm-none-eabi/lib/thumb/v7e-m+fp/hard\libc_nano.a(libc_a-errno.o)
 .debug_frame   0x00003780       0x2c D:/Cube/CubeIDE/STM32CubeIDE_1.16.0/STM32CubeIDE/plugins/com.st.stm32cube.ide.mcu.externaltools.gnu-tools-for-stm32.12.3.rel1.win32_1.1.0.202410251130/tools/bin/../lib/gcc/arm-none-eabi/12.3.1/../../../../arm-none-eabi/lib/thumb/v7e-m+fp/hard\libc_nano.a(libc_a-init.o)
 .debug_frame   0x000037ac       0xb0 D:/Cube/CubeIDE/STM32CubeIDE_1.16.0/STM32CubeIDE/plugins/com.st.stm32cube.ide.mcu.externaltools.gnu-tools-for-stm32.12.3.rel1.win32_1.1.0.202410251130/tools/bin/../lib/gcc/arm-none-eabi/12.3.1/../../../../arm-none-eabi/lib/thumb/v7e-m+fp/hard\libc_nano.a(libc_a-lock.o)
 .debug_frame   0x0000385c       0x38 D:/Cube/CubeIDE/STM32CubeIDE_1.16.0/STM32CubeIDE/plugins/com.st.stm32cube.ide.mcu.externaltools.gnu-tools-for-stm32.12.3.rel1.win32_1.1.0.202410251130/tools/bin/../lib/gcc/arm-none-eabi/12.3.1/../../../../arm-none-eabi/lib/thumb/v7e-m+fp/hard\libc_nano.a(libc_a-freer.o)
 .debug_frame   0x00003894       0x50 D:/Cube/CubeIDE/STM32CubeIDE_1.16.0/STM32CubeIDE/plugins/com.st.stm32cube.ide.mcu.externaltools.gnu-tools-for-stm32.12.3.rel1.win32_1.1.0.202410251130/tools/bin/../lib/gcc/arm-none-eabi/12.3.1/../../../../arm-none-eabi/lib/thumb/v7e-m+fp/hard\libc_nano.a(libc_a-mallocr.o)
 .debug_frame   0x000038e4       0x30 D:/Cube/CubeIDE/STM32CubeIDE_1.16.0/STM32CubeIDE/plugins/com.st.stm32cube.ide.mcu.externaltools.gnu-tools-for-stm32.12.3.rel1.win32_1.1.0.202410251130/tools/bin/../lib/gcc/arm-none-eabi/12.3.1/../../../../arm-none-eabi/lib/thumb/v7e-m+fp/hard\libc_nano.a(libc_a-mlock.o)
 .debug_frame   0x00003914       0x90 D:/Cube/CubeIDE/STM32CubeIDE_1.16.0/STM32CubeIDE/plugins/com.st.stm32cube.ide.mcu.externaltools.gnu-tools-for-stm32.12.3.rel1.win32_1.1.0.202410251130/tools/bin/../lib/gcc/arm-none-eabi/12.3.1/../../../../arm-none-eabi/lib/thumb/v7e-m+fp/hard\libc_nano.a(libc_a-nano-svfprintf.o)
 .debug_frame   0x000039a4       0x60 D:/Cube/CubeIDE/STM32CubeIDE_1.16.0/STM32CubeIDE/plugins/com.st.stm32cube.ide.mcu.externaltools.gnu-tools-for-stm32.12.3.rel1.win32_1.1.0.202410251130/tools/bin/../lib/gcc/arm-none-eabi/12.3.1/../../../../arm-none-eabi/lib/thumb/v7e-m+fp/hard\libc_nano.a(libc_a-nano-vfprintf_i.o)
 .debug_frame   0x00003a04       0x28 D:/Cube/CubeIDE/STM32CubeIDE_1.16.0/STM32CubeIDE/plugins/com.st.stm32cube.ide.mcu.externaltools.gnu-tools-for-stm32.12.3.rel1.win32_1.1.0.202410251130/tools/bin/../lib/gcc/arm-none-eabi/12.3.1/../../../../arm-none-eabi/lib/thumb/v7e-m+fp/hard\libc_nano.a(libc_a-memmove.o)
 .debug_frame   0x00003a2c       0x2c D:/Cube/CubeIDE/STM32CubeIDE_1.16.0/STM32CubeIDE/plugins/com.st.stm32cube.ide.mcu.externaltools.gnu-tools-for-stm32.12.3.rel1.win32_1.1.0.202410251130/tools/bin/../lib/gcc/arm-none-eabi/12.3.1/../../../../arm-none-eabi/lib/thumb/v7e-m+fp/hard\libc_nano.a(libc_a-sbrkr.o)
 .debug_frame   0x00003a58       0x28 D:/Cube/CubeIDE/STM32CubeIDE_1.16.0/STM32CubeIDE/plugins/com.st.stm32cube.ide.mcu.externaltools.gnu-tools-for-stm32.12.3.rel1.win32_1.1.0.202410251130/tools/bin/../lib/gcc/arm-none-eabi/12.3.1/../../../../arm-none-eabi/lib/thumb/v7e-m+fp/hard\libc_nano.a(libc_a-memcpy-stub.o)
 .debug_frame   0x00003a80       0x3c D:/Cube/CubeIDE/STM32CubeIDE_1.16.0/STM32CubeIDE/plugins/com.st.stm32cube.ide.mcu.externaltools.gnu-tools-for-stm32.12.3.rel1.win32_1.1.0.202410251130/tools/bin/../lib/gcc/arm-none-eabi/12.3.1/../../../../arm-none-eabi/lib/thumb/v7e-m+fp/hard\libc_nano.a(libc_a-reallocr.o)
 .debug_frame   0x00003abc       0x20 D:/Cube/CubeIDE/STM32CubeIDE_1.16.0/STM32CubeIDE/plugins/com.st.stm32cube.ide.mcu.externaltools.gnu-tools-for-stm32.12.3.rel1.win32_1.1.0.202410251130/tools/bin/../lib/gcc/arm-none-eabi/12.3.1/../../../../arm-none-eabi/lib/thumb/v7e-m+fp/hard\libc_nano.a(libc_a-msizer.o)
 .debug_frame   0x00003adc       0x2c D:/Cube/CubeIDE/STM32CubeIDE_1.16.0/STM32CubeIDE/plugins/com.st.stm32cube.ide.mcu.externaltools.gnu-tools-for-stm32.12.3.rel1.win32_1.1.0.202410251130/tools/bin/../lib/gcc/arm-none-eabi/12.3.1/thumb/v7e-m+fp/hard\libgcc.a(_aeabi_uldivmod.o)
 .debug_frame   0x00003b08       0x34 D:/Cube/CubeIDE/STM32CubeIDE_1.16.0/STM32CubeIDE/plugins/com.st.stm32cube.ide.mcu.externaltools.gnu-tools-for-stm32.12.3.rel1.win32_1.1.0.202410251130/tools/bin/../lib/gcc/arm-none-eabi/12.3.1/thumb/v7e-m+fp/hard\libgcc.a(_udivmoddi4.o)

.debug_line_str
                0x00000000       0x52
 .debug_line_str
                0x00000000       0x52 ./Core/Startup/startup_stm32l496rgtx.o
